Archive member included to satisfy reference by file (symbol)

c:/st/stm32cubeide_1.5.0/stm32cubeide/plugins/com.st.stm32cube.ide.mcu.externaltools.gnu-tools-for-stm32.7-2018-q2-update.win32_1.5.0.202011040924/tools/bin/../lib/gcc/arm-none-eabi/7.3.1/../../../../arm-none-eabi/lib/thumb/v7e-m/fpv4-sp/hard\libc_nano.a(lib_a-errno.o)
                              Core/Src/syscalls.o (__errno)
c:/st/stm32cubeide_1.5.0/stm32cubeide/plugins/com.st.stm32cube.ide.mcu.externaltools.gnu-tools-for-stm32.7-2018-q2-update.win32_1.5.0.202011040924/tools/bin/../lib/gcc/arm-none-eabi/7.3.1/../../../../arm-none-eabi/lib/thumb/v7e-m/fpv4-sp/hard\libc_nano.a(lib_a-exit.o)
                              c:/st/stm32cubeide_1.5.0/stm32cubeide/plugins/com.st.stm32cube.ide.mcu.externaltools.gnu-tools-for-stm32.7-2018-q2-update.win32_1.5.0.202011040924/tools/bin/../lib/gcc/arm-none-eabi/7.3.1/../../../../arm-none-eabi/lib/thumb/v7e-m/fpv4-sp/hard/crt0.o (exit)
c:/st/stm32cubeide_1.5.0/stm32cubeide/plugins/com.st.stm32cube.ide.mcu.externaltools.gnu-tools-for-stm32.7-2018-q2-update.win32_1.5.0.202011040924/tools/bin/../lib/gcc/arm-none-eabi/7.3.1/../../../../arm-none-eabi/lib/thumb/v7e-m/fpv4-sp/hard\libc_nano.a(lib_a-impure.o)
                              c:/st/stm32cubeide_1.5.0/stm32cubeide/plugins/com.st.stm32cube.ide.mcu.externaltools.gnu-tools-for-stm32.7-2018-q2-update.win32_1.5.0.202011040924/tools/bin/../lib/gcc/arm-none-eabi/7.3.1/../../../../arm-none-eabi/lib/thumb/v7e-m/fpv4-sp/hard\libc_nano.a(lib_a-exit.o) (_global_impure_ptr)
c:/st/stm32cubeide_1.5.0/stm32cubeide/plugins/com.st.stm32cube.ide.mcu.externaltools.gnu-tools-for-stm32.7-2018-q2-update.win32_1.5.0.202011040924/tools/bin/../lib/gcc/arm-none-eabi/7.3.1/../../../../arm-none-eabi/lib/thumb/v7e-m/fpv4-sp/hard\libc_nano.a(lib_a-init.o)
                              c:/st/stm32cubeide_1.5.0/stm32cubeide/plugins/com.st.stm32cube.ide.mcu.externaltools.gnu-tools-for-stm32.7-2018-q2-update.win32_1.5.0.202011040924/tools/bin/../lib/gcc/arm-none-eabi/7.3.1/../../../../arm-none-eabi/lib/thumb/v7e-m/fpv4-sp/hard/crt0.o (__libc_init_array)
c:/st/stm32cubeide_1.5.0/stm32cubeide/plugins/com.st.stm32cube.ide.mcu.externaltools.gnu-tools-for-stm32.7-2018-q2-update.win32_1.5.0.202011040924/tools/bin/../lib/gcc/arm-none-eabi/7.3.1/../../../../arm-none-eabi/lib/thumb/v7e-m/fpv4-sp/hard\libc_nano.a(lib_a-memset.o)
                              c:/st/stm32cubeide_1.5.0/stm32cubeide/plugins/com.st.stm32cube.ide.mcu.externaltools.gnu-tools-for-stm32.7-2018-q2-update.win32_1.5.0.202011040924/tools/bin/../lib/gcc/arm-none-eabi/7.3.1/../../../../arm-none-eabi/lib/thumb/v7e-m/fpv4-sp/hard/crt0.o (memset)
c:/st/stm32cubeide_1.5.0/stm32cubeide/plugins/com.st.stm32cube.ide.mcu.externaltools.gnu-tools-for-stm32.7-2018-q2-update.win32_1.5.0.202011040924/tools/bin/../lib/gcc/arm-none-eabi/7.3.1/../../../../arm-none-eabi/lib/thumb/v7e-m/fpv4-sp/hard\libc_nano.a(lib_a-sprintf.o)
                              Core/Src/tim.o (sprintf)
c:/st/stm32cubeide_1.5.0/stm32cubeide/plugins/com.st.stm32cube.ide.mcu.externaltools.gnu-tools-for-stm32.7-2018-q2-update.win32_1.5.0.202011040924/tools/bin/../lib/gcc/arm-none-eabi/7.3.1/../../../../arm-none-eabi/lib/thumb/v7e-m/fpv4-sp/hard\libc_nano.a(lib_a-strcat.o)
                              Core/Src/tim.o (strcat)
c:/st/stm32cubeide_1.5.0/stm32cubeide/plugins/com.st.stm32cube.ide.mcu.externaltools.gnu-tools-for-stm32.7-2018-q2-update.win32_1.5.0.202011040924/tools/bin/../lib/gcc/arm-none-eabi/7.3.1/../../../../arm-none-eabi/lib/thumb/v7e-m/fpv4-sp/hard\libc_nano.a(lib_a-strlen.o)
                              Core/Src/tim.o (strlen)
c:/st/stm32cubeide_1.5.0/stm32cubeide/plugins/com.st.stm32cube.ide.mcu.externaltools.gnu-tools-for-stm32.7-2018-q2-update.win32_1.5.0.202011040924/tools/bin/../lib/gcc/arm-none-eabi/7.3.1/../../../../arm-none-eabi/lib/thumb/v7e-m/fpv4-sp/hard\libc_nano.a(lib_a-nano-svfprintf.o)
                              c:/st/stm32cubeide_1.5.0/stm32cubeide/plugins/com.st.stm32cube.ide.mcu.externaltools.gnu-tools-for-stm32.7-2018-q2-update.win32_1.5.0.202011040924/tools/bin/../lib/gcc/arm-none-eabi/7.3.1/../../../../arm-none-eabi/lib/thumb/v7e-m/fpv4-sp/hard\libc_nano.a(lib_a-sprintf.o) (_svfprintf_r)
c:/st/stm32cubeide_1.5.0/stm32cubeide/plugins/com.st.stm32cube.ide.mcu.externaltools.gnu-tools-for-stm32.7-2018-q2-update.win32_1.5.0.202011040924/tools/bin/../lib/gcc/arm-none-eabi/7.3.1/../../../../arm-none-eabi/lib/thumb/v7e-m/fpv4-sp/hard\libc_nano.a(lib_a-nano-vfprintf_i.o)
                              c:/st/stm32cubeide_1.5.0/stm32cubeide/plugins/com.st.stm32cube.ide.mcu.externaltools.gnu-tools-for-stm32.7-2018-q2-update.win32_1.5.0.202011040924/tools/bin/../lib/gcc/arm-none-eabi/7.3.1/../../../../arm-none-eabi/lib/thumb/v7e-m/fpv4-sp/hard\libc_nano.a(lib_a-nano-svfprintf.o) (_printf_i)
[...]
Memory Configuration

Name             Origin             Length             Attributes
CCMRAM           0x0000000010000000 0x0000000000010000 xrw
RAM              0x0000000020000000 0x0000000000030000 xrw
FLASH            0x0000000008000000 0x0000000000200000 xr
*default*        0x0000000000000000 0xffffffffffffffff

Linker script and memory map

LOAD c:/st/stm32cubeide_1.5.0/stm32cubeide/plugins/com.st.stm32cube.ide.mcu.externaltools.gnu-tools-for-stm32.7-2018-q2-update.win32_1.5.0.202011040924/tools/bin/../lib/gcc/arm-none-eabi/7.3.1/thumb/v7e-m/fpv4-sp/hard/crti.o
LOAD c:/st/stm32cubeide_1.5.0/stm32cubeide/plugins/com.st.stm32cube.ide.mcu.externaltools.gnu-tools-for-stm32.7-2018-q2-update.win32_1.5.0.202011040924/tools/bin/../lib/gcc/arm-none-eabi/7.3.1/thumb/v7e-m/fpv4-sp/hard/crtbegin.o
LOAD c:/st/stm32cubeide_1.5.0/stm32cubeide/plugins/com.st.stm32cube.ide.mcu.externaltools.gnu-tools-for-stm32.7-2018-q2-update.win32_1.5.0.202011040924/tools/bin/../lib/gcc/arm-none-eabi/7.3.1/../../../../arm-none-eabi/lib/thumb/v7e-m/fpv4-sp/hard/crt0.o
LOAD Core/Src/adc.o
LOAD Core/Src/flash.o
LOAD Core/Src/lcd.o
LOAD Core/Src/main.o
LOAD Core/Src/music.o
LOAD Core/Src/stm32f4xx_hal_msp.o
LOAD Core/Src/stm32f4xx_it.o
LOAD Core/Src/syscalls.o
LOAD Core/Src/sysmem.o
LOAD Core/Src/system_stm32f4xx.o
LOAD Core/Src/tim.o
LOAD Core/Src/uart.o
LOAD Core/Startup/startup_stm32f429zitx.o
LOAD Drivers/STM32F4xx_HAL_Driver/Src/stm32f4xx_hal.o
LOAD Drivers/STM32F4xx_HAL_Driver/Src/stm32f4xx_hal_adc.o
LOAD Drivers/STM32F4xx_HAL_Driver/Src/stm32f4xx_hal_adc_ex.o
LOAD Drivers/STM32F4xx_HAL_Driver/Src/stm32f4xx_hal_cortex.o
LOAD Drivers/STM32F4xx_HAL_Driver/Src/stm32f4xx_hal_dac.o
LOAD Drivers/STM32F4xx_HAL_Driver/Src/stm32f4xx_hal_dac_ex.o
LOAD Drivers/STM32F4xx_HAL_Driver/Src/stm32f4xx_hal_dma.o
LOAD Drivers/STM32F4xx_HAL_Driver/Src/stm32f4xx_hal_dma_ex.o
LOAD Drivers/STM32F4xx_HAL_Driver/Src/stm32f4xx_hal_exti.o
LOAD Drivers/STM32F4xx_HAL_Driver/Src/stm32f4xx_hal_flash.o
LOAD Drivers/STM32F4xx_HAL_Driver/Src/stm32f4xx_hal_flash_ex.o
LOAD Drivers/STM32F4xx_HAL_Driver/Src/stm32f4xx_hal_flash_ramfunc.o
LOAD Drivers/STM32F4xx_HAL_Driver/Src/stm32f4xx_hal_gpio.o
LOAD Drivers/STM32F4xx_HAL_Driver/Src/stm32f4xx_hal_i2c.o
LOAD Drivers/STM32F4xx_HAL_Driver/Src/stm32f4xx_hal_i2c_ex.o
LOAD Drivers/STM32F4xx_HAL_Driver/Src/stm32f4xx_hal_pwr.o
LOAD Drivers/STM32F4xx_HAL_Driver/Src/stm32f4xx_hal_pwr_ex.o
LOAD Drivers/STM32F4xx_HAL_Driver/Src/stm32f4xx_hal_rcc.o
LOAD Drivers/STM32F4xx_HAL_Driver/Src/stm32f4xx_hal_rcc_ex.o
LOAD Drivers/STM32F4xx_HAL_Driver/Src/stm32f4xx_hal_tim.o
LOAD Drivers/STM32F4xx_HAL_Driver/Src/stm32f4xx_hal_tim_ex.o
LOAD Drivers/STM32F4xx_HAL_Driver/Src/stm32f4xx_hal_uart.o
START GROUP
LOAD c:/st/stm32cubeide_1.5.0/stm32cubeide/plugins/com.st.stm32cube.ide.mcu.externaltools.gnu-tools-for-stm32.7-2018-q2-update.win32_1.5.0.202011040924/tools/bin/../lib/gcc/arm-none-eabi/7.3.1/../../../../arm-none-eabi/lib/thumb/v7e-m/fpv4-sp/hard\libc_nano.a
LOAD c:/st/stm32cubeide_1.5.0/stm32cubeide/plugins/com.st.stm32cube.ide.mcu.externaltools.gnu-tools-for-stm32.7-2018-q2-update.win32_1.5.0.202011040924/tools/bin/../lib/gcc/arm-none-eabi/7.3.1/../../../../arm-none-eabi/lib/thumb/v7e-m/fpv4-sp/hard\libm.a
END GROUP
START GROUP
LOAD c:/st/stm32cubeide_1.5.0/stm32cubeide/plugins/com.st.stm32cube.ide.mcu.externaltools.gnu-tools-for-stm32.7-2018-q2-update.win32_1.5.0.202011040924/tools/bin/../lib/gcc/arm-none-eabi/7.3.1/thumb/v7e-m/fpv4-sp/hard\libgcc.a
LOAD c:/st/stm32cubeide_1.5.0/stm32cubeide/plugins/com.st.stm32cube.ide.mcu.externaltools.gnu-tools-for-stm32.7-2018-q2-update.win32_1.5.0.202011040924/tools/bin/../lib/gcc/arm-none-eabi/7.3.1/../../../../arm-none-eabi/lib/thumb/v7e-m/fpv4-sp/hard\libc_nano.a
END GROUP
START GROUP
LOAD c:/st/stm32cubeide_1.5.0/stm32cubeide/plugins/com.st.stm32cube.ide.mcu.externaltools.gnu-tools-for-stm32.7-2018-q2-update.win32_1.5.0.202011040924/tools/bin/../lib/gcc/arm-none-eabi/7.3.1/thumb/v7e-m/fpv4-sp/hard\libgcc.a
LOAD c:/st/stm32cubeide_1.5.0/stm32cubeide/plugins/com.st.stm32cube.ide.mcu.externaltools.gnu-tools-for-stm32.7-2018-q2-update.win32_1.5.0.202011040924/tools/bin/../lib/gcc/arm-none-eabi/7.3.1/../../../../arm-none-eabi/lib/thumb/v7e-m/fpv4-sp/hard\libc_nano.a
LOAD c:/st/stm32cubeide_1.5.0/stm32cubeide/plugins/com.st.stm32cube.ide.mcu.externaltools.gnu-tools-for-stm32.7-2018-q2-update.win32_1.5.0.202011040924/tools/bin/../lib/gcc/arm-none-eabi/7.3.1/../../../../arm-none-eabi/lib/thumb/v7e-m/fpv4-sp/hard\libnosys.a
END GROUP
START GROUP
LOAD c:/st/stm32cubeide_1.5.0/stm32cubeide/plugins/com.st.stm32cube.ide.mcu.externaltools.gnu-tools-for-stm32.7-2018-q2-update.win32_1.5.0.202011040924/tools/bin/../lib/gcc/arm-none-eabi/7.3.1/thumb/v7e-m/fpv4-sp/hard\libgcc.a
LOAD c:/st/stm32cubeide_1.5.0/stm32cubeide/plugins/com.st.stm32cube.ide.mcu.externaltools.gnu-tools-for-stm32.7-2018-q2-update.win32_1.5.0.202011040924/tools/bin/../lib/gcc/arm-none-eabi/7.3.1/../../../../arm-none-eabi/lib/thumb/v7e-m/fpv4-sp/hard\libc_nano.a
LOAD c:/st/stm32cubeide_1.5.0/stm32cubeide/plugins/com.st.stm32cube.ide.mcu.externaltools.gnu-tools-for-stm32.7-2018-q2-update.win32_1.5.0.202011040924/tools/bin/../lib/gcc/arm-none-eabi/7.3.1/../../../../arm-none-eabi/lib/thumb/v7e-m/fpv4-sp/hard\libnosys.a
END GROUP
LOAD c:/st/stm32cubeide_1.5.0/stm32cubeide/plugins/com.st.stm32cube.ide.mcu.externaltools.gnu-tools-for-stm32.7-2018-q2-update.win32_1.5.0.202011040924/tools/bin/../lib/gcc/arm-none-eabi/7.3.1/thumb/v7e-m/fpv4-sp/hard/crtend.o
LOAD c:/st/stm32cubeide_1.5.0/stm32cubeide/plugins/com.st.stm32cube.ide.mcu.externaltools.gnu-tools-for-stm32.7-2018-q2-update.win32_1.5.0.202011040924/tools/bin/../lib/gcc/arm-none-eabi/7.3.1/thumb/v7e-m/fpv4-sp/hard/crtn.o
                0x0000000020030000                _estack = (ORIGIN (RAM) + LENGTH (RAM))
                0x0000000000000200                _Min_Heap_Size = 0x200
                0x0000000000000400                _Min_Stack_Size = 0x400

.isr_vector     0x0000000008000000      0x1ac
                0x0000000008000000                . = ALIGN (0x4)
 *(.isr_vector)
 .isr_vector    0x0000000008000000      0x1ac Core/Startup/startup_stm32f429zitx.o
                0x0000000008000000                g_pfnVectors
                0x00000000080001ac                . = ALIGN (0x4)

.text           0x00000000080001b0     0x6e44
                0x00000000080001b0                . = ALIGN (0x4)
 *(.text)
 .text          0x00000000080001b0       0x40 c:/st/stm32cubeide_1.5.0/stm32cubeide/plugins/com.st.stm32cube.ide.mcu.externaltools.gnu-tools-for-stm32.7-2018-q2-update.win32_1.5.0.202011040924/tools/bin/../lib/gcc/arm-none-eabi/7.3.1/thumb/v7e-m/fpv4-sp/hard/crtbegin.o
 .text          0x00000000080001f0       0x10 c:/st/stm32cubeide_1.5.0/stm32cubeide/plugins/com.st.stm32cube.ide.mcu.externaltools.gnu-tools-for-stm32.7-2018-q2-update.win32_1.5.0.202011040924/tools/bin/../lib/gcc/arm-none-eabi/7.3.1/../../../../arm-none-eabi/lib/thumb/v7e-m/fpv4-sp/hard\libc_nano.a(lib_a-strlen.o)
                0x00000000080001f0                strlen
 .text          0x0000000008000200       0xa0 c:/st/stm32cubeide_1.5.0/stm32cubeide/plugins/com.st.stm32cube.ide.mcu.externaltools.gnu-tools-for-stm32.7-2018-q2-update.win32_1.5.0.202011040924/tools/bin/../lib/gcc/arm-none-eabi/7.3.1/../../../../arm-none-eabi/lib/thumb/v7e-m/fpv4-sp/hard\libc_nano.a(lib_a-memchr.o)
                0x0000000008000200                memchr
 .text          0x00000000080002a0      0x378 c:/st/stm32cubeide_1.5.0/stm32cubeide/plugins/com.st.stm32cube.ide.mcu.externaltools.gnu-tools-for-stm32.7-2018-q2-update.win32_1.5.0.202011040924/tools/bin/../lib/gcc/arm-none-eabi/7.3.1/thumb/v7e-m/fpv4-sp/hard\libgcc.a(_arm_addsubdf3.o)
                0x00000000080002a0                __aeabi_drsub
                0x00000000080002a8                __aeabi_dsub
                0x00000000080002a8                __subdf3
                0x00000000080002ac                __aeabi_dadd
                0x00000000080002ac                __adddf3
                0x0000000008000524                __floatunsidf
                0x0000000008000524                __aeabi_ui2d
                0x0000000008000544                __floatsidf
                0x0000000008000544                __aeabi_i2d
                0x0000000008000568                __aeabi_f2d
                0x0000000008000568                __extendsfdf2
                0x00000000080005ac                __floatundidf
                0x00000000080005ac                __aeabi_ul2d
                0x00000000080005bc                __floatdidf
                0x00000000080005bc                __aeabi_l2d
 .text          0x0000000008000618      0x424 c:/st/stm32cubeide_1.5.0/stm32cubeide/plugins/com.st.stm32cube.ide.mcu.externaltools.gnu-tools-for-stm32.7-2018-q2-update.win32_1.5.0.202011040924/tools/bin/../lib/gcc/arm-none-eabi/7.3.1/thumb/v7e-m/fpv4-sp/hard\libgcc.a(_arm_muldivdf3.o)
                0x0000000008000618                __aeabi_dmul
                0x0000000008000618                __muldf3
                0x000000000800086c                __divdf3
                0x000000000800086c                __aeabi_ddiv
 .text          0x0000000008000a3c       0x50 c:/st/stm32cubeide_1.5.0/stm32cubeide/plugins/com.st.stm32cube.ide.mcu.externaltools.gnu-tools-for-stm32.7-2018-q2-update.win32_1.5.0.202011040924/tools/bin/../lib/gcc/arm-none-eabi/7.3.1/thumb/v7e-m/fpv4-sp/hard\libgcc.a(_arm_fixdfsi.o)
                0x0000000008000a3c                __aeabi_d2iz
                0x0000000008000a3c                __fixdfsi
 .text          0x0000000008000a8c       0x30 c:/st/stm32cubeide_1.5.0/stm32cubeide/plugins/com.st.stm32cube.ide.mcu.externaltools.gnu-tools-for-stm32.7-2018-q2-update.win32_1.5.0.202011040924/tools/bin/../lib/gcc/arm-none-eabi/7.3.1/thumb/v7e-m/fpv4-sp/hard\libgcc.a(_aeabi_uldivmod.o)
                0x0000000008000a8c                __aeabi_uldivmod
 .text          0x0000000008000abc      0x2cc c:/st/stm32cubeide_1.5.0/stm32cubeide/plugins/com.st.stm32cube.ide.mcu.externaltools.gnu-tools-for-stm32.7-2018-q2-update.win32_1.5.0.202011040924/tools/bin/../lib/gcc/arm-none-eabi/7.3.1/thumb/v7e-m/fpv4-sp/hard\libgcc.a(_udivmoddi4.o)
                0x0000000008000abc                __udivmoddi4
 .text          0x0000000008000d88        0x4 c:/st/stm32cubeide_1.5.0/stm32cubeide/plugins/com.st.stm32cube.ide.mcu.externaltools.gnu-tools-for-stm32.7-2018-q2-update.win32_1.5.0.202011040924/tools/bin/../lib/gcc/arm-none-eabi/7.3.1/thumb/v7e-m/fpv4-sp/hard\libgcc.a(_dvmd_tls.o)
                0x0000000008000d88                __aeabi_idiv0
                0x0000000008000d88                __aeabi_ldiv0
 *(.text*)
 .text.HAL_GPIO_EXTI_Callback
                0x0000000008000d8c      0x138 Core/Src/adc.o
                0x0000000008000d8c                HAL_GPIO_EXTI_Callback
 .text.ADC_key  0x0000000008000ec4       0x98 Core/Src/adc.o
                0x0000000008000ec4                ADC_key
 .text.Folling_ADC
                0x0000000008000f5c      0x5b4 Core/Src/adc.o
                0x0000000008000f5c                Folling_ADC
 .text.load_nvitems
                0x0000000008001510       0x44 Core/Src/flash.o
                0x0000000008001510                load_nvitems
 .text.update_nvitems
                0x0000000008001554       0xb0 Core/Src/flash.o
                0x0000000008001554                update_nvitems
 .text.LCD_SendInternal
                0x0000000008001604       0xa8 Core/Src/lcd.o
                0x0000000008001604                LCD_SendInternal
 .text.LCD_SendCommand
                0x00000000080016ac       0x24 Core/Src/lcd.o
                0x00000000080016ac                LCD_SendCommand
 .text.LCD_SendData
                0x00000000080016d0       0x24 Core/Src/lcd.o
                0x00000000080016d0                LCD_SendData
 .text.LCD_Init
                0x00000000080016f4       0x3a Core/Src/lcd.o
                0x00000000080016f4                LCD_Init
 .text.LCD_SendString
                0x000000000800172e       0x32 Core/Src/lcd.o
                0x000000000800172e                LCD_SendString
 .text.blink    0x0000000008001760       0x10 Core/Src/lcd.o
                0x0000000008001760                blink
 .text.noblink  0x0000000008001770       0x10 Core/Src/lcd.o
                0x0000000008001770                noblink
 .text.setCursor
                0x0000000008001780       0x30 Core/Src/lcd.o
                0x0000000008001780                setCursor
 .text.Clear    0x00000000080017b0       0x10 Core/Src/lcd.o
                0x00000000080017b0                Clear
 .text.init_all
                0x00000000080017c0       0x5c Core/Src/main.o
                0x00000000080017c0                init_all
 .text.main     0x000000000800181c       0x70 Core/Src/main.o
                0x000000000800181c                main
 .text.SystemClock_Config
                0x000000000800188c       0xc0 Core/Src/main.o
                0x000000000800188c                SystemClock_Config
 .text.MX_ADC1_Init
                0x000000000800194c       0xa4 Core/Src/main.o
 .text.MX_DAC_Init
                0x00000000080019f0       0x54 Core/Src/main.o
 .text.MX_I2C1_Init
                0x0000000008001a44       0x80 Core/Src/main.o
 .text.MX_TIM3_Init
                0x0000000008001ac4       0x9c Core/Src/main.o
 .text.MX_USART2_UART_Init
                0x0000000008001b60       0x54 Core/Src/main.o
 .text.MX_USART3_UART_Init
                0x0000000008001bb4       0x54 Core/Src/main.o
 .text.MX_GPIO_Init
                0x0000000008001c08       0xc4 Core/Src/main.o
 .text.Error_Handler
                0x0000000008001ccc        0x8 Core/Src/main.o
                0x0000000008001ccc                Error_Handler
 *fill*         0x0000000008001cd4        0x4 
 .text.music_0  0x0000000008001cd8       0xac Core/Src/music.o
                0x0000000008001cd8                music_0
 .text.HAL_MspInit
                0x0000000008001d84       0x50 Core/Src/stm32f4xx_hal_msp.o
                0x0000000008001d84                HAL_MspInit
 .text.HAL_ADC_MspInit
                0x0000000008001dd4       0x88 Core/Src/stm32f4xx_hal_msp.o
                0x0000000008001dd4                HAL_ADC_MspInit
 .text.HAL_DAC_MspInit
                0x0000000008001e5c       0x88 Core/Src/stm32f4xx_hal_msp.o
                0x0000000008001e5c                HAL_DAC_MspInit
 .text.HAL_I2C_MspInit
                0x0000000008001ee4       0x90 Core/Src/stm32f4xx_hal_msp.o
                0x0000000008001ee4                HAL_I2C_MspInit
 .text.HAL_TIM_Base_MspInit
                0x0000000008001f74       0x50 Core/Src/stm32f4xx_hal_msp.o
                0x0000000008001f74                HAL_TIM_Base_MspInit
 .text.HAL_UART_MspInit
                0x0000000008001fc4      0x118 Core/Src/stm32f4xx_hal_msp.o
                0x0000000008001fc4                HAL_UART_MspInit
 .text.NMI_Handler
                0x00000000080020dc        0x6 Core/Src/stm32f4xx_it.o
                0x00000000080020dc                NMI_Handler
 .text.HardFault_Handler
                0x00000000080020e2        0x6 Core/Src/stm32f4xx_it.o
                0x00000000080020e2                HardFault_Handler
 .text.MemManage_Handler
                0x00000000080020e8        0x6 Core/Src/stm32f4xx_it.o
                0x00000000080020e8                MemManage_Handler
 .text.BusFault_Handler
                0x00000000080020ee        0x6 Core/Src/stm32f4xx_it.o
                0x00000000080020ee                BusFault_Handler
 .text.UsageFault_Handler
                0x00000000080020f4        0x6 Core/Src/stm32f4xx_it.o
                0x00000000080020f4                UsageFault_Handler
 .text.SVC_Handler
                0x00000000080020fa        0xe Core/Src/stm32f4xx_it.o
                0x00000000080020fa                SVC_Handler
 .text.DebugMon_Handler
                0x0000000008002108        0xe Core/Src/stm32f4xx_it.o
                0x0000000008002108                DebugMon_Handler
 .text.PendSV_Handler
                0x0000000008002116        0xe Core/Src/stm32f4xx_it.o
                0x0000000008002116                PendSV_Handler
 .text.SysTick_Handler
                0x0000000008002124        0xc Core/Src/stm32f4xx_it.o
                0x0000000008002124                SysTick_Handler
 .text.TIM3_IRQHandler
                0x0000000008002130       0x14 Core/Src/stm32f4xx_it.o
                0x0000000008002130                TIM3_IRQHandler
 .text.USART2_IRQHandler
                0x0000000008002144       0x14 Core/Src/stm32f4xx_it.o
                0x0000000008002144                USART2_IRQHandler
 .text.USART3_IRQHandler
                0x0000000008002158       0x14 Core/Src/stm32f4xx_it.o
                0x0000000008002158                USART3_IRQHandler
 .text.EXTI15_10_IRQHandler
                0x000000000800216c       0x10 Core/Src/stm32f4xx_it.o
                0x000000000800216c                EXTI15_10_IRQHandler
 .text._sbrk    0x000000000800217c       0x6c Core/Src/sysmem.o
                0x000000000800217c                _sbrk
 .text.SystemInit
                0x00000000080021e8       0x2c Core/Src/system_stm32f4xx.o
                0x00000000080021e8                SystemInit
 .text.HAL_TIM_PeriodElapsedCallback
                0x0000000008002214       0xc0 Core/Src/tim.o
                0x0000000008002214                HAL_TIM_PeriodElapsedCallback
 .text.time_display
                0x00000000080022d4      0x244 Core/Src/tim.o
                0x00000000080022d4                time_display
 .text.HAL_UART_TxCpltCallback
                0x0000000008002518       0x14 Core/Src/uart.o
                0x0000000008002518                HAL_UART_TxCpltCallback
 .text.HAL_UART_RxCpltCallback
                0x000000000800252c       0xd4 Core/Src/uart.o
                0x000000000800252c                HAL_UART_RxCpltCallback
 .text.Reset_Handler
                0x0000000008002600       0x50 Core/Startup/startup_stm32f429zitx.o
                0x0000000008002600                Reset_Handler
 .text.Default_Handler
                0x0000000008002650        0x2 Core/Startup/startup_stm32f429zitx.o
                0x0000000008002650                RTC_Alarm_IRQHandler
                0x0000000008002650                HASH_RNG_IRQHandler
                0x0000000008002650                EXTI2_IRQHandler
                0x0000000008002650                TIM8_CC_IRQHandler
                0x0000000008002650                UART8_IRQHandler
                0x0000000008002650                SPI4_IRQHandler
                0x0000000008002650                TIM1_CC_IRQHandler
                0x0000000008002650                DMA2_Stream5_IRQHandler
                0x0000000008002650                DMA1_Stream5_IRQHandler
                0x0000000008002650                PVD_IRQHandler
                0x0000000008002650                SDIO_IRQHandler
                0x0000000008002650                TAMP_STAMP_IRQHandler
                0x0000000008002650                CAN2_RX1_IRQHandler
                0x0000000008002650                EXTI3_IRQHandler
                0x0000000008002650                TIM8_TRG_COM_TIM14_IRQHandler
                0x0000000008002650                TIM1_UP_TIM10_IRQHandler
                0x0000000008002650                TIM8_UP_TIM13_IRQHandler
                0x0000000008002650                I2C3_ER_IRQHandler
                0x0000000008002650                EXTI0_IRQHandler
                0x0000000008002650                I2C2_EV_IRQHandler
                0x0000000008002650                DMA1_Stream2_IRQHandler
                0x0000000008002650                CAN1_RX0_IRQHandler
                0x0000000008002650                FPU_IRQHandler
                0x0000000008002650                OTG_HS_WKUP_IRQHandler
                0x0000000008002650                LTDC_ER_IRQHandler
                0x0000000008002650                CAN2_SCE_IRQHandler
                0x0000000008002650                DMA2_Stream2_IRQHandler
                0x0000000008002650                SPI1_IRQHandler
                0x0000000008002650                TIM6_DAC_IRQHandler
                0x0000000008002650                TIM1_BRK_TIM9_IRQHandler
                0x0000000008002650                DCMI_IRQHandler
                0x0000000008002650                CAN2_RX0_IRQHandler
                0x0000000008002650                DMA2_Stream3_IRQHandler
                0x0000000008002650                USART6_IRQHandler
                0x0000000008002650                CAN1_RX1_IRQHandler
                0x0000000008002650                UART5_IRQHandler
                0x0000000008002650                DMA2_Stream0_IRQHandler
                0x0000000008002650                TIM4_IRQHandler
                0x0000000008002650                I2C1_EV_IRQHandler
                0x0000000008002650                DMA1_Stream6_IRQHandler
                0x0000000008002650                DMA1_Stream1_IRQHandler
                0x0000000008002650                UART4_IRQHandler
                0x0000000008002650                RCC_IRQHandler
                0x0000000008002650                TIM8_BRK_TIM12_IRQHandler
                0x0000000008002650                Default_Handler
                0x0000000008002650                ADC_IRQHandler
                0x0000000008002650                DMA1_Stream7_IRQHandler
                0x0000000008002650                SPI5_IRQHandler
                0x0000000008002650                TIM7_IRQHandler
                0x0000000008002650                CAN2_TX_IRQHandler
                0x0000000008002650                TIM5_IRQHandler
                0x0000000008002650                DMA2_Stream7_IRQHandler
                0x0000000008002650                I2C3_EV_IRQHandler
                0x0000000008002650                EXTI9_5_IRQHandler
                0x0000000008002650                RTC_WKUP_IRQHandler
                0x0000000008002650                LTDC_IRQHandler
                0x0000000008002650                ETH_WKUP_IRQHandler
                0x0000000008002650                SPI2_IRQHandler
                0x0000000008002650                OTG_HS_EP1_IN_IRQHandler
                0x0000000008002650                DMA1_Stream0_IRQHandler
                0x0000000008002650                CAN1_TX_IRQHandler
                0x0000000008002650                EXTI4_IRQHandler
                0x0000000008002650                ETH_IRQHandler
                0x0000000008002650                OTG_HS_EP1_OUT_IRQHandler
                0x0000000008002650                WWDG_IRQHandler
                0x0000000008002650                SPI6_IRQHandler
                0x0000000008002650                TIM2_IRQHandler
                0x0000000008002650                OTG_FS_WKUP_IRQHandler
                0x0000000008002650                TIM1_TRG_COM_TIM11_IRQHandler
                0x0000000008002650                OTG_HS_IRQHandler
                0x0000000008002650                DMA2D_IRQHandler
                0x0000000008002650                EXTI1_IRQHandler
                0x0000000008002650                UART7_IRQHandler
                0x0000000008002650                I2C2_ER_IRQHandler
                0x0000000008002650                DMA2_Stream1_IRQHandler
                0x0000000008002650                CAN1_SCE_IRQHandler
                0x0000000008002650                FLASH_IRQHandler
                0x0000000008002650                DMA2_Stream4_IRQHandler
                0x0000000008002650                USART1_IRQHandler
                0x0000000008002650                OTG_FS_IRQHandler
                0x0000000008002650                SPI3_IRQHandler
                0x0000000008002650                DMA1_Stream4_IRQHandler
                0x0000000008002650                I2C1_ER_IRQHandler
                0x0000000008002650                FMC_IRQHandler
                0x0000000008002650                DMA2_Stream6_IRQHandler
                0x0000000008002650                SAI1_IRQHandler
                0x0000000008002650                DMA1_Stream3_IRQHandler
 *fill*         0x0000000008002652        0x2 
 .text.HAL_Init
                0x0000000008002654       0x44 Drivers/STM32F4xx_HAL_Driver/Src/stm32f4xx_hal.o
                0x0000000008002654                HAL_Init
 .text.HAL_InitTick
                0x0000000008002698       0x60 Drivers/STM32F4xx_HAL_Driver/Src/stm32f4xx_hal.o
                0x0000000008002698                HAL_InitTick
 .text.HAL_IncTick
                0x00000000080026f8       0x28 Drivers/STM32F4xx_HAL_Driver/Src/stm32f4xx_hal.o
                0x00000000080026f8                HAL_IncTick
 .text.HAL_GetTick
                0x0000000008002720       0x18 Drivers/STM32F4xx_HAL_Driver/Src/stm32f4xx_hal.o
                0x0000000008002720                HAL_GetTick
 .text.HAL_Delay
                0x0000000008002738       0x44 Drivers/STM32F4xx_HAL_Driver/Src/stm32f4xx_hal.o
                0x0000000008002738                HAL_Delay
 .text.HAL_ADC_Init
                0x000000000800277c       0x86 Drivers/STM32F4xx_HAL_Driver/Src/stm32f4xx_hal_adc.o
                0x000000000800277c                HAL_ADC_Init
 *fill*         0x0000000008002802        0x2 
 .text.HAL_ADC_Start
                0x0000000008002804      0x18c Drivers/STM32F4xx_HAL_Driver/Src/stm32f4xx_hal_adc.o
                0x0000000008002804                HAL_ADC_Start
 .text.HAL_ADC_GetValue
                0x0000000008002990       0x1a Drivers/STM32F4xx_HAL_Driver/Src/stm32f4xx_hal_adc.o
                0x0000000008002990                HAL_ADC_GetValue
 *fill*         0x00000000080029aa        0x2 
 .text.HAL_ADC_ConfigChannel
                0x00000000080029ac      0x264 Drivers/STM32F4xx_HAL_Driver/Src/stm32f4xx_hal_adc.o
                0x00000000080029ac                HAL_ADC_ConfigChannel
 .text.ADC_Init
                0x0000000008002c10      0x1f8 Drivers/STM32F4xx_HAL_Driver/Src/stm32f4xx_hal_adc.o
 .text.__NVIC_SetPriorityGrouping
                0x0000000008002e08       0x48 Drivers/STM32F4xx_HAL_Driver/Src/stm32f4xx_hal_cortex.o
 .text.__NVIC_GetPriorityGrouping
                0x0000000008002e50       0x1c Drivers/STM32F4xx_HAL_Driver/Src/stm32f4xx_hal_cortex.o
 .text.__NVIC_EnableIRQ
                0x0000000008002e6c       0x3c Drivers/STM32F4xx_HAL_Driver/Src/stm32f4xx_hal_cortex.o
 .text.__NVIC_SetPriority
                0x0000000008002ea8       0x54 Drivers/STM32F4xx_HAL_Driver/Src/stm32f4xx_hal_cortex.o
 .text.NVIC_EncodePriority
                0x0000000008002efc       0x66 Drivers/STM32F4xx_HAL_Driver/Src/stm32f4xx_hal_cortex.o
 *fill*         0x0000000008002f62        0x2 
 .text.SysTick_Config
                0x0000000008002f64       0x44 Drivers/STM32F4xx_HAL_Driver/Src/stm32f4xx_hal_cortex.o
 .text.HAL_NVIC_SetPriorityGrouping
                0x0000000008002fa8       0x16 Drivers/STM32F4xx_HAL_Driver/Src/stm32f4xx_hal_cortex.o
                0x0000000008002fa8                HAL_NVIC_SetPriorityGrouping
 .text.HAL_NVIC_SetPriority
                0x0000000008002fbe       0x38 Drivers/STM32F4xx_HAL_Driver/Src/stm32f4xx_hal_cortex.o
                0x0000000008002fbe                HAL_NVIC_SetPriority
 .text.HAL_NVIC_EnableIRQ
                0x0000000008002ff6       0x1c Drivers/STM32F4xx_HAL_Driver/Src/stm32f4xx_hal_cortex.o
                0x0000000008002ff6                HAL_NVIC_EnableIRQ
 .text.HAL_SYSTICK_Config
                0x0000000008003012       0x18 Drivers/STM32F4xx_HAL_Driver/Src/stm32f4xx_hal_cortex.o
                0x0000000008003012                HAL_SYSTICK_Config
 .text.HAL_DAC_Init
                0x000000000800302a       0x44 Drivers/STM32F4xx_HAL_Driver/Src/stm32f4xx_hal_dac.o
                0x000000000800302a                HAL_DAC_Init
 .text.HAL_DAC_Start
                0x000000000800306e       0xcc Drivers/STM32F4xx_HAL_Driver/Src/stm32f4xx_hal_dac.o
                0x000000000800306e                HAL_DAC_Start
 .text.HAL_DAC_ConfigChannel
                0x000000000800313a       0x9a Drivers/STM32F4xx_HAL_Driver/Src/stm32f4xx_hal_dac.o
                0x000000000800313a                HAL_DAC_ConfigChannel
 .text.HAL_DAC_SetValue
                0x00000000080031d4       0x4a Drivers/STM32F4xx_HAL_Driver/Src/stm32f4xx_hal_dac.o
                0x00000000080031d4                HAL_DAC_SetValue
 .text.HAL_DMA_Abort_IT
                0x000000000800321e       0x44 Drivers/STM32F4xx_HAL_Driver/Src/stm32f4xx_hal_dma.o
                0x000000000800321e                HAL_DMA_Abort_IT
 *fill*         0x0000000008003262        0x2 
 .text.HAL_FLASH_Program
                0x0000000008003264       0xa8 Drivers/STM32F4xx_HAL_Driver/Src/stm32f4xx_hal_flash.o
                0x0000000008003264                HAL_FLASH_Program
 .text.HAL_FLASH_Unlock
                0x000000000800330c       0x44 Drivers/STM32F4xx_HAL_Driver/Src/stm32f4xx_hal_flash.o
                0x000000000800330c                HAL_FLASH_Unlock
 .text.HAL_FLASH_Lock
                0x0000000008003350       0x20 Drivers/STM32F4xx_HAL_Driver/Src/stm32f4xx_hal_flash.o
                0x0000000008003350                HAL_FLASH_Lock
 .text.FLASH_WaitForLastOperation
                0x0000000008003370       0x80 Drivers/STM32F4xx_HAL_Driver/Src/stm32f4xx_hal_flash.o
                0x0000000008003370                FLASH_WaitForLastOperation
 .text.FLASH_Program_DoubleWord
                0x00000000080033f0       0x60 Drivers/STM32F4xx_HAL_Driver/Src/stm32f4xx_hal_flash.o
 .text.FLASH_Program_Word
                0x0000000008003450       0x44 Drivers/STM32F4xx_HAL_Driver/Src/stm32f4xx_hal_flash.o
 .text.FLASH_Program_HalfWord
                0x0000000008003494       0x48 Drivers/STM32F4xx_HAL_Driver/Src/stm32f4xx_hal_flash.o
 .text.FLASH_Program_Byte
                0x00000000080034dc       0x44 Drivers/STM32F4xx_HAL_Driver/Src/stm32f4xx_hal_flash.o
 .text.FLASH_SetErrorCode
                0x0000000008003520       0xcc Drivers/STM32F4xx_HAL_Driver/Src/stm32f4xx_hal_flash.o
 .text.HAL_FLASHEx_Erase
                0x00000000080035ec       0xe4 Drivers/STM32F4xx_HAL_Driver/Src/stm32f4xx_hal_flash_ex.o
                0x00000000080035ec                HAL_FLASHEx_Erase
 .text.FLASH_MassErase
                0x00000000080036d0       0x74 Drivers/STM32F4xx_HAL_Driver/Src/stm32f4xx_hal_flash_ex.o
 .text.FLASH_Erase_Sector
                0x0000000008003744       0x9c Drivers/STM32F4xx_HAL_Driver/Src/stm32f4xx_hal_flash_ex.o
                0x0000000008003744                FLASH_Erase_Sector
 .text.FLASH_FlushCaches
                0x00000000080037e0       0x8c Drivers/STM32F4xx_HAL_Driver/Src/stm32f4xx_hal_flash_ex.o
                0x00000000080037e0                FLASH_FlushCaches
 .text.HAL_GPIO_Init
                0x000000000800386c      0x354 Drivers/STM32F4xx_HAL_Driver/Src/stm32f4xx_hal_gpio.o
                0x000000000800386c                HAL_GPIO_Init
 .text.HAL_GPIO_ReadPin
                0x0000000008003bc0       0x30 Drivers/STM32F4xx_HAL_Driver/Src/stm32f4xx_hal_gpio.o
                0x0000000008003bc0                HAL_GPIO_ReadPin
 .text.HAL_GPIO_EXTI_IRQHandler
                0x0000000008003bf0       0x30 Drivers/STM32F4xx_HAL_Driver/Src/stm32f4xx_hal_gpio.o
                0x0000000008003bf0                HAL_GPIO_EXTI_IRQHandler
 .text.HAL_I2C_Init
                0x0000000008003c20      0x270 Drivers/STM32F4xx_HAL_Driver/Src/stm32f4xx_hal_i2c.o
                0x0000000008003c20                HAL_I2C_Init
 .text.HAL_I2C_Master_Transmit
                0x0000000008003e90      0x1fc Drivers/STM32F4xx_HAL_Driver/Src/stm32f4xx_hal_i2c.o
                0x0000000008003e90                HAL_I2C_Master_Transmit
 .text.HAL_I2C_IsDeviceReady
                0x000000000800408c      0x25c Drivers/STM32F4xx_HAL_Driver/Src/stm32f4xx_hal_i2c.o
                0x000000000800408c                HAL_I2C_IsDeviceReady
 .text.I2C_MasterRequestWrite
                0x00000000080042e8      0x104 Drivers/STM32F4xx_HAL_Driver/Src/stm32f4xx_hal_i2c.o
 .text.I2C_WaitOnFlagUntilTimeout
                0x00000000080043ec       0xae Drivers/STM32F4xx_HAL_Driver/Src/stm32f4xx_hal_i2c.o
 .text.I2C_WaitOnMasterAddressFlagUntilTimeout
                0x000000000800449a       0xfe Drivers/STM32F4xx_HAL_Driver/Src/stm32f4xx_hal_i2c.o
 .text.I2C_WaitOnTXEFlagUntilTimeout
                0x0000000008004598       0x82 Drivers/STM32F4xx_HAL_Driver/Src/stm32f4xx_hal_i2c.o
 .text.I2C_WaitOnBTFFlagUntilTimeout
                0x000000000800461a       0x82 Drivers/STM32F4xx_HAL_Driver/Src/stm32f4xx_hal_i2c.o
 .text.I2C_IsAcknowledgeFailed
                0x000000000800469c       0x5e Drivers/STM32F4xx_HAL_Driver/Src/stm32f4xx_hal_i2c.o
 .text.HAL_I2CEx_ConfigAnalogFilter
                0x00000000080046fa       0x78 Drivers/STM32F4xx_HAL_Driver/Src/stm32f4xx_hal_i2c_ex.o
                0x00000000080046fa                HAL_I2CEx_ConfigAnalogFilter
 .text.HAL_I2CEx_ConfigDigitalFilter
                0x0000000008004772       0x7e Drivers/STM32F4xx_HAL_Driver/Src/stm32f4xx_hal_i2c_ex.o
                0x0000000008004772                HAL_I2CEx_ConfigDigitalFilter
 .text.HAL_RCC_OscConfig
                0x00000000080047f0      0x4e0 Drivers/STM32F4xx_HAL_Driver/Src/stm32f4xx_hal_rcc.o
                0x00000000080047f0                HAL_RCC_OscConfig
 .text.HAL_RCC_ClockConfig
                0x0000000008004cd0      0x1cc Drivers/STM32F4xx_HAL_Driver/Src/stm32f4xx_hal_rcc.o
                0x0000000008004cd0                HAL_RCC_ClockConfig
 .text.HAL_RCC_GetSysClockFreq
                0x0000000008004e9c      0x164 Drivers/STM32F4xx_HAL_Driver/Src/stm32f4xx_hal_rcc.o
                0x0000000008004e9c                HAL_RCC_GetSysClockFreq
 .text.HAL_RCC_GetHCLKFreq
                0x0000000008005000       0x18 Drivers/STM32F4xx_HAL_Driver/Src/stm32f4xx_hal_rcc.o
                0x0000000008005000                HAL_RCC_GetHCLKFreq
 .text.HAL_RCC_GetPCLK1Freq
                0x0000000008005018       0x28 Drivers/STM32F4xx_HAL_Driver/Src/stm32f4xx_hal_rcc.o
                0x0000000008005018                HAL_RCC_GetPCLK1Freq
 .text.HAL_RCC_GetPCLK2Freq
                0x0000000008005040       0x28 Drivers/STM32F4xx_HAL_Driver/Src/stm32f4xx_hal_rcc.o
                0x0000000008005040                HAL_RCC_GetPCLK2Freq
 .text.HAL_TIM_Base_Init
                0x0000000008005068       0x56 Drivers/STM32F4xx_HAL_Driver/Src/stm32f4xx_hal_tim.o
                0x0000000008005068                HAL_TIM_Base_Init
 .text.HAL_TIM_Base_Start_IT
                0x00000000080050be       0x48 Drivers/STM32F4xx_HAL_Driver/Src/stm32f4xx_hal_tim.o
                0x00000000080050be                HAL_TIM_Base_Start_IT
 .text.HAL_TIM_IRQHandler
                0x0000000008005106      0x210 Drivers/STM32F4xx_HAL_Driver/Src/stm32f4xx_hal_tim.o
                0x0000000008005106                HAL_TIM_IRQHandler
 .text.HAL_TIM_ConfigClockSource
                0x0000000008005316      0x16e Drivers/STM32F4xx_HAL_Driver/Src/stm32f4xx_hal_tim.o
                0x0000000008005316                HAL_TIM_ConfigClockSource
 .text.HAL_TIM_OC_DelayElapsedCallback
                0x0000000008005484       0x14 Drivers/STM32F4xx_HAL_Driver/Src/stm32f4xx_hal_tim.o
                0x0000000008005484                HAL_TIM_OC_DelayElapsedCallback
 .text.HAL_TIM_IC_CaptureCallback
                0x0000000008005498       0x14 Drivers/STM32F4xx_HAL_Driver/Src/stm32f4xx_hal_tim.o
                0x0000000008005498                HAL_TIM_IC_CaptureCallback
 .text.HAL_TIM_PWM_PulseFinishedCallback
                0x00000000080054ac       0x14 Drivers/STM32F4xx_HAL_Driver/Src/stm32f4xx_hal_tim.o
                0x00000000080054ac                HAL_TIM_PWM_PulseFinishedCallback
 .text.HAL_TIM_TriggerCallback
                0x00000000080054c0       0x14 Drivers/STM32F4xx_HAL_Driver/Src/stm32f4xx_hal_tim.o
                0x00000000080054c0                HAL_TIM_TriggerCallback
 .text.TIM_Base_SetConfig
                0x00000000080054d4      0x140 Drivers/STM32F4xx_HAL_Driver/Src/stm32f4xx_hal_tim.o
                0x00000000080054d4                TIM_Base_SetConfig
 .text.TIM_TI1_ConfigInputStage
                0x0000000008005614       0x5e Drivers/STM32F4xx_HAL_Driver/Src/stm32f4xx_hal_tim.o
 .text.TIM_TI2_ConfigInputStage
                0x0000000008005672       0x60 Drivers/STM32F4xx_HAL_Driver/Src/stm32f4xx_hal_tim.o
 .text.TIM_ITRx_SetConfig
                0x00000000080056d2       0x36 Drivers/STM32F4xx_HAL_Driver/Src/stm32f4xx_hal_tim.o
 .text.TIM_ETR_SetConfig
                0x0000000008005708       0x40 Drivers/STM32F4xx_HAL_Driver/Src/stm32f4xx_hal_tim.o
                0x0000000008005708                TIM_ETR_SetConfig
 .text.HAL_TIMEx_MasterConfigSynchronization
                0x0000000008005748       0xf8 Drivers/STM32F4xx_HAL_Driver/Src/stm32f4xx_hal_tim_ex.o
                0x0000000008005748                HAL_TIMEx_MasterConfigSynchronization
 .text.HAL_TIMEx_CommutCallback
                0x0000000008005840       0x14 Drivers/STM32F4xx_HAL_Driver/Src/stm32f4xx_hal_tim_ex.o
                0x0000000008005840                HAL_TIMEx_CommutCallback
 .text.HAL_TIMEx_BreakCallback
                0x0000000008005854       0x14 Drivers/STM32F4xx_HAL_Driver/Src/stm32f4xx_hal_tim_ex.o
                0x0000000008005854                HAL_TIMEx_BreakCallback
 .text.HAL_UART_Init
                0x0000000008005868       0x9a Drivers/STM32F4xx_HAL_Driver/Src/stm32f4xx_hal_uart.o
                0x0000000008005868                HAL_UART_Init
 .text.HAL_UART_Transmit
                0x0000000008005902      0x132 Drivers/STM32F4xx_HAL_Driver/Src/stm32f4xx_hal_uart.o
                0x0000000008005902                HAL_UART_Transmit
 .text.HAL_UART_Transmit_IT
                0x0000000008005a34       0x8a Drivers/STM32F4xx_HAL_Driver/Src/stm32f4xx_hal_uart.o
                0x0000000008005a34                HAL_UART_Transmit_IT
 .text.HAL_UART_Receive_IT
                0x0000000008005abe       0xaa Drivers/STM32F4xx_HAL_Driver/Src/stm32f4xx_hal_uart.o
                0x0000000008005abe                HAL_UART_Receive_IT
 .text.HAL_UART_IRQHandler
                0x0000000008005b68      0x200 Drivers/STM32F4xx_HAL_Driver/Src/stm32f4xx_hal_uart.o
                0x0000000008005b68                HAL_UART_IRQHandler
 .text.HAL_UART_ErrorCallback
                0x0000000008005d68       0x14 Drivers/STM32F4xx_HAL_Driver/Src/stm32f4xx_hal_uart.o
                0x0000000008005d68                HAL_UART_ErrorCallback
 .text.UART_WaitOnFlagUntilTimeout
                0x0000000008005d7c       0x94 Drivers/STM32F4xx_HAL_Driver/Src/stm32f4xx_hal_uart.o
 .text.UART_EndRxTransfer
                0x0000000008005e10       0x3c Drivers/STM32F4xx_HAL_Driver/Src/stm32f4xx_hal_uart.o
 .text.UART_DMAAbortOnError
                0x0000000008005e4c       0x28 Drivers/STM32F4xx_HAL_Driver/Src/stm32f4xx_hal_uart.o
 .text.UART_Transmit_IT
                0x0000000008005e74       0xac Drivers/STM32F4xx_HAL_Driver/Src/stm32f4xx_hal_uart.o
 .text.UART_EndTransmit_IT
                0x0000000008005f20       0x30 Drivers/STM32F4xx_HAL_Driver/Src/stm32f4xx_hal_uart.o
 .text.UART_Receive_IT
                0x0000000008005f50      0x102 Drivers/STM32F4xx_HAL_Driver/Src/stm32f4xx_hal_uart.o
 *fill*         0x0000000008006052        0x2 
 .text.UART_SetConfig
                0x0000000008006054      0x6f8 Drivers/STM32F4xx_HAL_Driver/Src/stm32f4xx_hal_uart.o
 .text.__errno  0x000000000800674c        0xc c:/st/stm32cubeide_1.5.0/stm32cubeide/plugins/com.st.stm32cube.ide.mcu.externaltools.gnu-tools-for-stm32.7-2018-q2-update.win32_1.5.0.202011040924/tools/bin/../lib/gcc/arm-none-eabi/7.3.1/../../../../arm-none-eabi/lib/thumb/v7e-m/fpv4-sp/hard\libc_nano.a(lib_a-errno.o)
                0x000000000800674c                __errno
 .text.__libc_init_array
                0x0000000008006758       0x48 c:/st/stm32cubeide_1.5.0/stm32cubeide/plugins/com.st.stm32cube.ide.mcu.externaltools.gnu-tools-for-stm32.7-2018-q2-update.win32_1.5.0.202011040924/tools/bin/../lib/gcc/arm-none-eabi/7.3.1/../../../../arm-none-eabi/lib/thumb/v7e-m/fpv4-sp/hard\libc_nano.a(lib_a-init.o)
                0x0000000008006758                __libc_init_array
 .text.memset   0x00000000080067a0       0x10 c:/st/stm32cubeide_1.5.0/stm32cubeide/plugins/com.st.stm32cube.ide.mcu.externaltools.gnu-tools-for-stm32.7-2018-q2-update.win32_1.5.0.202011040924/tools/bin/../lib/gcc/arm-none-eabi/7.3.1/../../../../arm-none-eabi/lib/thumb/v7e-m/fpv4-sp/hard\libc_nano.a(lib_a-memset.o)
                0x00000000080067a0                memset
 .text.sprintf  0x00000000080067b0       0x40 c:/st/stm32cubeide_1.5.0/stm32cubeide/plugins/com.st.stm32cube.ide.mcu.externaltools.gnu-tools-for-stm32.7-2018-q2-update.win32_1.5.0.202011040924/tools/bin/../lib/gcc/arm-none-eabi/7.3.1/../../../../arm-none-eabi/lib/thumb/v7e-m/fpv4-sp/hard\libc_nano.a(lib_a-sprintf.o)
                0x00000000080067b0                siprintf
                0x00000000080067b0                sprintf
 .text.strcat   0x00000000080067f0       0x1e c:/st/stm32cubeide_1.5.0/stm32cubeide/plugins/com.st.stm32cube.ide.mcu.externaltools.gnu-tools-for-stm32.7-2018-q2-update.win32_1.5.0.202011040924/tools/bin/../lib/gcc/arm-none-eabi/7.3.1/../../../../arm-none-eabi/lib/thumb/v7e-m/fpv4-sp/hard\libc_nano.a(lib_a-strcat.o)
                0x00000000080067f0                strcat
 .text.__ssputs_r
                0x000000000800680e       0xb4 c:/st/stm32cubeide_1.5.0/stm32cubeide/plugins/com.st.stm32cube.ide.mcu.externaltools.gnu-tools-for-stm32.7-2018-q2-update.win32_1.5.0.202011040924/tools/bin/../lib/gcc/arm-none-eabi/7.3.1/../../../../arm-none-eabi/lib/thumb/v7e-m/fpv4-sp/hard\libc_nano.a(lib_a-nano-svfprintf.o)
                0x000000000800680e                __ssputs_r
 *fill*         0x00000000080068c2        0x2 
 .text._svfprintf_r
                0x00000000080068c4      0x1f0 c:/st/stm32cubeide_1.5.0/stm32cubeide/plugins/com.st.stm32cube.ide.mcu.externaltools.gnu-tools-for-stm32.7-2018-q2-update.win32_1.5.0.202011040924/tools/bin/../lib/gcc/arm-none-eabi/7.3.1/../../../../arm-none-eabi/lib/thumb/v7e-m/fpv4-sp/hard\libc_nano.a(lib_a-nano-svfprintf.o)
                0x00000000080068c4                _svfiprintf_r
                0x00000000080068c4                _svfprintf_r
 .text._printf_common
                0x0000000008006ab4       0xea c:/st/stm32cubeide_1.5.0/stm32cubeide/plugins/com.st.stm32cube.ide.mcu.externaltools.gnu-tools-for-stm32.7-2018-q2-update.win32_1.5.0.202011040924/tools/bin/../lib/gcc/arm-none-eabi/7.3.1/../../../../arm-none-eabi/lib/thumb/v7e-m/fpv4-sp/hard\libc_nano.a(lib_a-nano-vfprintf_i.o)
                0x0000000008006ab4                _printf_common
 *fill*         0x0000000008006b9e        0x2 
 .text._printf_i
                0x0000000008006ba0      0x224 c:/st/stm32cubeide_1.5.0/stm32cubeide/plugins/com.st.stm32cube.ide.mcu.externaltools.gnu-tools-for-stm32.7-2018-q2-update.win32_1.5.0.202011040924/tools/bin/../lib/gcc/arm-none-eabi/7.3.1/../../../../arm-none-eabi/lib/thumb/v7e-m/fpv4-sp/hard\libc_nano.a(lib_a-nano-vfprintf_i.o)
                0x0000000008006ba0                _printf_i
 .text.memcpy   0x0000000008006dc4       0x16 c:/st/stm32cubeide_1.5.0/stm32cubeide/plugins/com.st.stm32cube.ide.mcu.externaltools.gnu-tools-for-stm32.7-2018-q2-update.win32_1.5.0.202011040924/tools/bin/../lib/gcc/arm-none-eabi/7.3.1/../../../../arm-none-eabi/lib/thumb/v7e-m/fpv4-sp/hard\libc_nano.a(lib_a-memcpy-stub.o)
                0x0000000008006dc4                memcpy
 .text.memmove  0x0000000008006dda       0x32 c:/st/stm32cubeide_1.5.0/stm32cubeide/plugins/com.st.stm32cube.ide.mcu.externaltools.gnu-tools-for-stm32.7-2018-q2-update.win32_1.5.0.202011040924/tools/bin/../lib/gcc/arm-none-eabi/7.3.1/../../../../arm-none-eabi/lib/thumb/v7e-m/fpv4-sp/hard\libc_nano.a(lib_a-memmove.o)
                0x0000000008006dda                memmove
 .text._free_r  0x0000000008006e0c       0x9c c:/st/stm32cubeide_1.5.0/stm32cubeide/plugins/com.st.stm32cube.ide.mcu.externaltools.gnu-tools-for-stm32.7-2018-q2-update.win32_1.5.0.202011040924/tools/bin/../lib/gcc/arm-none-eabi/7.3.1/../../../../arm-none-eabi/lib/thumb/v7e-m/fpv4-sp/hard\libc_nano.a(lib_a-nano-freer.o)
                0x0000000008006e0c                _free_r
 .text._malloc_r
                0x0000000008006ea8       0xb4 c:/st/stm32cubeide_1.5.0/stm32cubeide/plugins/com.st.stm32cube.ide.mcu.externaltools.gnu-tools-for-stm32.7-2018-q2-update.win32_1.5.0.202011040924/tools/bin/../lib/gcc/arm-none-eabi/7.3.1/../../../../arm-none-eabi/lib/thumb/v7e-m/fpv4-sp/hard\libc_nano.a(lib_a-nano-mallocr.o)
                0x0000000008006ea8                _malloc_r
 .text._realloc_r
                0x0000000008006f5c       0x4c c:/st/stm32cubeide_1.5.0/stm32cubeide/plugins/com.st.stm32cube.ide.mcu.externaltools.gnu-tools-for-stm32.7-2018-q2-update.win32_1.5.0.202011040924/tools/bin/../lib/gcc/arm-none-eabi/7.3.1/../../../../arm-none-eabi/lib/thumb/v7e-m/fpv4-sp/hard\libc_nano.a(lib_a-nano-reallocr.o)
                0x0000000008006f5c                _realloc_r
 .text._sbrk_r  0x0000000008006fa8       0x20 c:/st/stm32cubeide_1.5.0/stm32cubeide/plugins/com.st.stm32cube.ide.mcu.externaltools.gnu-tools-for-stm32.7-2018-q2-update.win32_1.5.0.202011040924/tools/bin/../lib/gcc/arm-none-eabi/7.3.1/../../../../arm-none-eabi/lib/thumb/v7e-m/fpv4-sp/hard\libc_nano.a(lib_a-sbrkr.o)
                0x0000000008006fa8                _sbrk_r
 .text.__malloc_lock
                0x0000000008006fc8        0x2 c:/st/stm32cubeide_1.5.0/stm32cubeide/plugins/com.st.stm32cube.ide.mcu.externaltools.gnu-tools-for-stm32.7-2018-q2-update.win32_1.5.0.202011040924/tools/bin/../lib/gcc/arm-none-eabi/7.3.1/../../../../arm-none-eabi/lib/thumb/v7e-m/fpv4-sp/hard\libc_nano.a(lib_a-mlock.o)
                0x0000000008006fc8                __malloc_lock
 .text.__malloc_unlock
                0x0000000008006fca        0x2 c:/st/stm32cubeide_1.5.0/stm32cubeide/plugins/com.st.stm32cube.ide.mcu.externaltools.gnu-tools-for-stm32.7-2018-q2-update.win32_1.5.0.202011040924/tools/bin/../lib/gcc/arm-none-eabi/7.3.1/../../../../arm-none-eabi/lib/thumb/v7e-m/fpv4-sp/hard\libc_nano.a(lib_a-mlock.o)
                0x0000000008006fca                __malloc_unlock
 .text._malloc_usable_size_r
                0x0000000008006fcc       0x10 c:/st/stm32cubeide_1.5.0/stm32cubeide/plugins/com.st.stm32cube.ide.mcu.externaltools.gnu-tools-for-stm32.7-2018-q2-update.win32_1.5.0.202011040924/tools/bin/../lib/gcc/arm-none-eabi/7.3.1/../../../../arm-none-eabi/lib/thumb/v7e-m/fpv4-sp/hard\libc_nano.a(lib_a-nano-msizer.o)
                0x0000000008006fcc                _malloc_usable_size_r
 *(.glue_7)
 .glue_7        0x0000000008006fdc        0x0 linker stubs
 *(.glue_7t)
 .glue_7t       0x0000000008006fdc        0x0 linker stubs
 *(.eh_frame)
 .eh_frame      0x0000000008006fdc        0x0 c:/st/stm32cubeide_1.5.0/stm32cubeide/plugins/com.st.stm32cube.ide.mcu.externaltools.gnu-tools-for-stm32.7-2018-q2-update.win32_1.5.0.202011040924/tools/bin/../lib/gcc/arm-none-eabi/7.3.1/thumb/v7e-m/fpv4-sp/hard/crtbegin.o
 *(.init)
 .init          0x0000000008006fdc        0x4 c:/st/stm32cubeide_1.5.0/stm32cubeide/plugins/com.st.stm32cube.ide.mcu.externaltools.gnu-tools-for-stm32.7-2018-q2-update.win32_1.5.0.202011040924/tools/bin/../lib/gcc/arm-none-eabi/7.3.1/thumb/v7e-m/fpv4-sp/hard/crti.o
                0x0000000008006fdc                _init
 .init          0x0000000008006fe0        0x8 c:/st/stm32cubeide_1.5.0/stm32cubeide/plugins/com.st.stm32cube.ide.mcu.externaltools.gnu-tools-for-stm32.7-2018-q2-update.win32_1.5.0.202011040924/tools/bin/../lib/gcc/arm-none-eabi/7.3.1/thumb/v7e-m/fpv4-sp/hard/crtn.o
 *(.fini)
 .fini          0x0000000008006fe8        0x4 c:/st/stm32cubeide_1.5.0/stm32cubeide/plugins/com.st.stm32cube.ide.mcu.externaltools.gnu-tools-for-stm32.7-2018-q2-update.win32_1.5.0.202011040924/tools/bin/../lib/gcc/arm-none-eabi/7.3.1/thumb/v7e-m/fpv4-sp/hard/crti.o
                0x0000000008006fe8                _fini
 .fini          0x0000000008006fec        0x8 c:/st/stm32cubeide_1.5.0/stm32cubeide/plugins/com.st.stm32cube.ide.mcu.externaltools.gnu-tools-for-stm32.7-2018-q2-update.win32_1.5.0.202011040924/tools/bin/../lib/gcc/arm-none-eabi/7.3.1/thumb/v7e-m/fpv4-sp/hard/crtn.o
                0x0000000008006ff4                . = ALIGN (0x4)
                0x0000000008006ff4                _etext = .

.vfp11_veneer   0x0000000008006ff4        0x0
 .vfp11_veneer  0x0000000008006ff4        0x0 linker stubs

.v4_bx          0x0000000008006ff4        0x0
 .v4_bx         0x0000000008006ff4        0x0 linker stubs

.iplt           0x0000000008006ff4        0x0
 .iplt          0x0000000008006ff4        0x0 c:/st/stm32cubeide_1.5.0/stm32cubeide/plugins/com.st.stm32cube.ide.mcu.externaltools.gnu-tools-for-stm32.7-2018-q2-update.win32_1.5.0.202011040924/tools/bin/../lib/gcc/arm-none-eabi/7.3.1/thumb/v7e-m/fpv4-sp/hard/crtbegin.o

.rodata         0x0000000008006ff4       0xd8
                0x0000000008006ff4                . = ALIGN (0x4)
 *(.rodata)
 .rodata        0x0000000008006ff4       0x8c Core/Src/tim.o
 *(.rodata*)
 .rodata.AHBPrescTable
                0x0000000008007080       0x10 Core/Src/system_stm32f4xx.o
                0x0000000008007080                AHBPrescTable
 .rodata.APBPrescTable
                0x0000000008007090        0x8 Core/Src/system_stm32f4xx.o
                0x0000000008007090                APBPrescTable
 .rodata._svfprintf_r.str1.1
                0x0000000008007098       0x11 c:/st/stm32cubeide_1.5.0/stm32cubeide/plugins/com.st.stm32cube.ide.mcu.externaltools.gnu-tools-for-stm32.7-2018-q2-update.win32_1.5.0.202011040924/tools/bin/../lib/gcc/arm-none-eabi/7.3.1/../../../../arm-none-eabi/lib/thumb/v7e-m/fpv4-sp/hard\libc_nano.a(lib_a-nano-svfprintf.o)
 .rodata._printf_i.str1.1
                0x00000000080070a9       0x22 c:/st/stm32cubeide_1.5.0/stm32cubeide/plugins/com.st.stm32cube.ide.mcu.externaltools.gnu-tools-for-stm32.7-2018-q2-update.win32_1.5.0.202011040924/tools/bin/../lib/gcc/arm-none-eabi/7.3.1/../../../../arm-none-eabi/lib/thumb/v7e-m/fpv4-sp/hard\libc_nano.a(lib_a-nano-vfprintf_i.o)
                0x00000000080070cc                . = ALIGN (0x4)
 *fill*         0x00000000080070cb        0x1 

.ARM.extab      0x00000000080070cc        0x0
                0x00000000080070cc                . = ALIGN (0x4)
 *(.ARM.extab* .gnu.linkonce.armextab.*)
                0x00000000080070cc                . = ALIGN (0x4)

.ARM            0x00000000080070cc        0x8
                0x00000000080070cc                . = ALIGN (0x4)
                0x00000000080070cc                __exidx_start = .
 *(.ARM.exidx*)
 .ARM.exidx     0x00000000080070cc        0x8 c:/st/stm32cubeide_1.5.0/stm32cubeide/plugins/com.st.stm32cube.ide.mcu.externaltools.gnu-tools-for-stm32.7-2018-q2-update.win32_1.5.0.202011040924/tools/bin/../lib/gcc/arm-none-eabi/7.3.1/thumb/v7e-m/fpv4-sp/hard\libgcc.a(_udivmoddi4.o)
                0x00000000080070d4                __exidx_end = .
                0x00000000080070d4                . = ALIGN (0x4)

.rel.dyn        0x00000000080070d4        0x0
 .rel.iplt      0x00000000080070d4        0x0 c:/st/stm32cubeide_1.5.0/stm32cubeide/plugins/com.st.stm32cube.ide.mcu.externaltools.gnu-tools-for-stm32.7-2018-q2-update.win32_1.5.0.202011040924/tools/bin/../lib/gcc/arm-none-eabi/7.3.1/thumb/v7e-m/fpv4-sp/hard/crtbegin.o

.preinit_array  0x00000000080070d4        0x0
                0x00000000080070d4                . = ALIGN (0x4)
                0x00000000080070d4                PROVIDE (__preinit_array_start = .)
 *(.preinit_array*)
                0x00000000080070d4                PROVIDE (__preinit_array_end = .)
                0x00000000080070d4                . = ALIGN (0x4)

.init_array     0x00000000080070d4        0x4
                0x00000000080070d4                . = ALIGN (0x4)
                0x00000000080070d4                PROVIDE (__init_array_start = .)
 *(SORT_BY_NAME(.init_array.*))
 *(.init_array*)
 .init_array    0x00000000080070d4        0x4 c:/st/stm32cubeide_1.5.0/stm32cubeide/plugins/com.st.stm32cube.ide.mcu.externaltools.gnu-tools-for-stm32.7-2018-q2-update.win32_1.5.0.202011040924/tools/bin/../lib/gcc/arm-none-eabi/7.3.1/thumb/v7e-m/fpv4-sp/hard/crtbegin.o
                0x00000000080070d8                PROVIDE (__init_array_end = .)
                0x00000000080070d8                . = ALIGN (0x4)

.fini_array     0x00000000080070d8        0x4
                0x00000000080070d8                . = ALIGN (0x4)
                [!provide]                        PROVIDE (__fini_array_start = .)
 *(SORT_BY_NAME(.fini_array.*))
 *(.fini_array*)
 .fini_array    0x00000000080070d8        0x4 c:/st/stm32cubeide_1.5.0/stm32cubeide/plugins/com.st.stm32cube.ide.mcu.externaltools.gnu-tools-for-stm32.7-2018-q2-update.win32_1.5.0.202011040924/tools/bin/../lib/gcc/arm-none-eabi/7.3.1/thumb/v7e-m/fpv4-sp/hard/crtbegin.o
                [!provide]                        PROVIDE (__fini_array_end = .)
                0x00000000080070dc                . = ALIGN (0x4)
                0x00000000080070dc                _sidata = LOADADDR (.data)

.data           0x0000000020000000      0x148 load address 0x00000000080070dc
                0x0000000020000000                . = ALIGN (0x4)
                0x0000000020000000                _sdata = .
 *(.data)
 *(.data*)
 .data.user_btn
                0x0000000020000000        0x1 Core/Src/adc.o
                0x0000000020000000                user_btn
 *fill*         0x0000000020000001        0x3 
 .data.default_nvitem
                0x0000000020000004        0xc Core/Src/flash.o
                0x0000000020000004                default_nvitem
 .data.melody1  0x0000000020000010       0x64 Core/Src/music.o
                0x0000000020000010                melody1
 .data.noteDurations1
                0x0000000020000074       0x64 Core/Src/music.o
                0x0000000020000074                noteDurations1
 .data.SystemCoreClock
                0x00000000200000d8        0x4 Core/Src/system_stm32f4xx.o
                0x00000000200000d8                SystemCoreClock
 .data.uwTickPrio
                0x00000000200000dc        0x4 Drivers/STM32F4xx_HAL_Driver/Src/stm32f4xx_hal.o
                0x00000000200000dc                uwTickPrio
 .data.uwTickFreq
                0x00000000200000e0        0x1 Drivers/STM32F4xx_HAL_Driver/Src/stm32f4xx_hal.o
                0x00000000200000e0                uwTickFreq
 *fill*         0x00000000200000e1        0x3 
 .data._impure_ptr
                0x00000000200000e4        0x4 c:/st/stm32cubeide_1.5.0/stm32cubeide/plugins/com.st.stm32cube.ide.mcu.externaltools.gnu-tools-for-stm32.7-2018-q2-update.win32_1.5.0.202011040924/tools/bin/../lib/gcc/arm-none-eabi/7.3.1/../../../../arm-none-eabi/lib/thumb/v7e-m/fpv4-sp/hard\libc_nano.a(lib_a-impure.o)
                0x00000000200000e4                _impure_ptr
 .data.impure_data
                0x00000000200000e8       0x60 c:/st/stm32cubeide_1.5.0/stm32cubeide/plugins/com.st.stm32cube.ide.mcu.externaltools.gnu-tools-for-stm32.7-2018-q2-update.win32_1.5.0.202011040924/tools/bin/../lib/gcc/arm-none-eabi/7.3.1/../../../../arm-none-eabi/lib/thumb/v7e-m/fpv4-sp/hard\libc_nano.a(lib_a-impure.o)
 *(.RamFunc)
 *(.RamFunc*)
                0x0000000020000148                . = ALIGN (0x4)
                0x0000000020000148                _edata = .

.igot.plt       0x0000000020000148        0x0 load address 0x0000000008007224
 .igot.plt      0x0000000020000148        0x0 c:/st/stm32cubeide_1.5.0/stm32cubeide/plugins/com.st.stm32cube.ide.mcu.externaltools.gnu-tools-for-stm32.7-2018-q2-update.win32_1.5.0.202011040924/tools/bin/../lib/gcc/arm-none-eabi/7.3.1/thumb/v7e-m/fpv4-sp/hard/crtbegin.o
                0x0000000020000148                . = ALIGN (0x4)

.bss            0x0000000020000148      0x280 load address 0x0000000008007224
                0x0000000020000148                _sbss = .
                0x0000000020000148                __bss_start__ = _sbss
 *(.bss)
 .bss           0x0000000020000148       0x1c c:/st/stm32cubeide_1.5.0/stm32cubeide/plugins/com.st.stm32cube.ide.mcu.externaltools.gnu-tools-for-stm32.7-2018-q2-update.win32_1.5.0.202011040924/tools/bin/../lib/gcc/arm-none-eabi/7.3.1/thumb/v7e-m/fpv4-sp/hard/crtbegin.o
 *(.bss*)
 .bss.__sbrk_heap_end
                0x0000000020000164        0x4 Core/Src/sysmem.o
 .bss.rx_d      0x0000000020000168        0x1 Core/Src/uart.o
                0x0000000020000168                rx_d
 *fill*         0x0000000020000169        0x3 
 .bss.__malloc_free_list
                0x000000002000016c        0x4 c:/st/stm32cubeide_1.5.0/stm32cubeide/plugins/com.st.stm32cube.ide.mcu.externaltools.gnu-tools-for-stm32.7-2018-q2-update.win32_1.5.0.202011040924/tools/bin/../lib/gcc/arm-none-eabi/7.3.1/../../../../arm-none-eabi/lib/thumb/v7e-m/fpv4-sp/hard\libc_nano.a(lib_a-nano-mallocr.o)
                0x000000002000016c                __malloc_free_list
 .bss.__malloc_sbrk_start
                0x0000000020000170        0x4 c:/st/stm32cubeide_1.5.0/stm32cubeide/plugins/com.st.stm32cube.ide.mcu.externaltools.gnu-tools-for-stm32.7-2018-q2-update.win32_1.5.0.202011040924/tools/bin/../lib/gcc/arm-none-eabi/7.3.1/../../../../arm-none-eabi/lib/thumb/v7e-m/fpv4-sp/hard\libc_nano.a(lib_a-nano-mallocr.o)
                0x0000000020000170                __malloc_sbrk_start
 *(COMMON)
 COMMON         0x0000000020000174       0x74 Core/Src/adc.o
                0x0000000020000174                x
                0x0000000020000178                click
                0x0000000020000184                current_time
                0x0000000020000188                key_value
                0x000000002000018c                time_interval
                0x0000000020000190                old_key
                0x0000000020000194                hadc1
                0x00000000200001dc                last_time
                0x00000000200001e0                y
                0x00000000200001e1                key_w
                0x00000000200001e4                last_time_interval
 COMMON         0x00000000200001e8       0x56 Core/Src/lcd.o
                0x00000000200001e8                hi2c1
                0x000000002000023c                _displaycontrol
                0x000000002000023d                _numlines
 *fill*         0x000000002000023e        0x2 
 COMMON         0x0000000020000240       0xd4 Core/Src/main.o
                0x0000000020000240                huart3
                0x0000000020000280                htim3
                0x00000000200002c0                hdac
                0x00000000200002d4                huart2
 COMMON         0x0000000020000314       0x58 Core/Src/tim.o
                0x0000000020000314                current_state
                0x000000002000031c                line
                0x0000000020000340                second
                0x0000000020000344                minute
                0x0000000020000348                ctime
                0x000000002000034c                hour
                0x0000000020000350                time_str
                0x0000000020000360                stime
                0x0000000020000364                atime
                0x0000000020000368                timer_count
 COMMON         0x000000002000036c       0x34 Core/Src/uart.o
                0x000000002000036c                ptr
                0x0000000020000370                buffer
                0x0000000020000390                BT_buffer
                0x000000002000039c                BT_ptr
 COMMON         0x00000000200003a0        0x4 Drivers/STM32F4xx_HAL_Driver/Src/stm32f4xx_hal.o
                0x00000000200003a0                uwTick
 COMMON         0x00000000200003a4       0x20 Drivers/STM32F4xx_HAL_Driver/Src/stm32f4xx_hal_flash.o
                0x00000000200003a4                pFlash
 COMMON         0x00000000200003c4        0x4 c:/st/stm32cubeide_1.5.0/stm32cubeide/plugins/com.st.stm32cube.ide.mcu.externaltools.gnu-tools-for-stm32.7-2018-q2-update.win32_1.5.0.202011040924/tools/bin/../lib/gcc/arm-none-eabi/7.3.1/../../../../arm-none-eabi/lib/thumb/v7e-m/fpv4-sp/hard\libc_nano.a(lib_a-reent.o)
                0x00000000200003c4                errno
                0x00000000200003c8                . = ALIGN (0x4)
                0x00000000200003c8                _ebss = .
                0x00000000200003c8                __bss_end__ = _ebss

._user_heap_stack
                0x00000000200003c8      0x600 load address 0x0000000008007224
                0x00000000200003c8                . = ALIGN (0x8)
                [!provide]                        PROVIDE (end = .)
                0x00000000200003c8                PROVIDE (_end = .)
                0x00000000200005c8                . = (. + _Min_Heap_Size)
 *fill*         0x00000000200003c8      0x200 
                0x00000000200009c8                . = (. + _Min_Stack_Size)
 *fill*         0x00000000200005c8      0x400 
                0x00000000200009c8                . = ALIGN (0x8)

/DISCARD/
 libc.a(*)
 libm.a(*)
 libgcc.a(*)

.ARM.attributes
                0x0000000000000000       0x30
 *(.ARM.attributes)
 .ARM.attributes
                0x0000000000000000       0x22 c:/st/stm32cubeide_1.5.0/stm32cubeide/plugins/com.st.stm32cube.ide.mcu.externaltools.gnu-tools-for-stm32.7-2018-q2-update.win32_1.5.0.202011040924/tools/bin/../lib/gcc/arm-none-eabi/7.3.1/thumb/v7e-m/fpv4-sp/hard/crti.o
 .ARM.attributes
                0x0000000000000022       0x34 c:/st/stm32cubeide_1.5.0/stm32cubeide/plugins/com.st.stm32cube.ide.mcu.externaltools.gnu-tools-for-stm32.7-2018-q2-update.win32_1.5.0.202011040924/tools/bin/../lib/gcc/arm-none-eabi/7.3.1/thumb/v7e-m/fpv4-sp/hard/crtbegin.o
 .ARM.attributes
                0x0000000000000056       0x39 Core/Src/adc.o
 .ARM.attributes
                0x000000000000008f       0x39 Core/Src/flash.o
 .ARM.attributes
                0x00000000000000c8       0x39 Core/Src/lcd.o
 .ARM.attributes
                0x0000000000000101       0x39 Core/Src/main.o
 .ARM.attributes
                0x000000000000013a       0x39 Core/Src/music.o
 .ARM.attributes
                0x0000000000000173       0x39 Core/Src/stm32f4xx_hal_msp.o
 .ARM.attributes
                0x00000000000001ac       0x39 Core/Src/stm32f4xx_it.o
 .ARM.attributes
                0x00000000000001e5       0x39 Core/Src/sysmem.o
 .ARM.attributes
                0x000000000000021e       0x39 Core/Src/system_stm32f4xx.o
 .ARM.attributes
                0x0000000000000257       0x39 Core/Src/tim.o
 .ARM.attributes
                0x0000000000000290       0x39 Core/Src/uart.o
 .ARM.attributes
                0x00000000000002c9       0x21 Core/Startup/startup_stm32f429zitx.o
 .ARM.attributes
                0x00000000000002ea       0x39 Drivers/STM32F4xx_HAL_Driver/Src/stm32f4xx_hal.o
 .ARM.attributes
                0x0000000000000323       0x39 Drivers/STM32F4xx_HAL_Driver/Src/stm32f4xx_hal_adc.o
 .ARM.attributes
                0x000000000000035c       0x39 Drivers/STM32F4xx_HAL_Driver/Src/stm32f4xx_hal_cortex.o
 .ARM.attributes
                0x0000000000000395       0x39 Drivers/STM32F4xx_HAL_Driver/Src/stm32f4xx_hal_dac.o
 .ARM.attributes
                0x00000000000003ce       0x39 Drivers/STM32F4xx_HAL_Driver/Src/stm32f4xx_hal_dma.o
 .ARM.attributes
                0x0000000000000407       0x39 Drivers/STM32F4xx_HAL_Driver/Src/stm32f4xx_hal_flash.o
 .ARM.attributes
                0x0000000000000440       0x39 Drivers/STM32F4xx_HAL_Driver/Src/stm32f4xx_hal_flash_ex.o
 .ARM.attributes
                0x0000000000000479       0x39 Drivers/STM32F4xx_HAL_Driver/Src/stm32f4xx_hal_gpio.o
 .ARM.attributes
                0x00000000000004b2       0x39 Drivers/STM32F4xx_HAL_Driver/Src/stm32f4xx_hal_i2c.o
 .ARM.attributes
                0x00000000000004eb       0x39 Drivers/STM32F4xx_HAL_Driver/Src/stm32f4xx_hal_i2c_ex.o
 .ARM.attributes
                0x0000000000000524       0x39 Drivers/STM32F4xx_HAL_Driver/Src/stm32f4xx_hal_rcc.o
 .ARM.attributes
                0x000000000000055d       0x39 Drivers/STM32F4xx_HAL_Driver/Src/stm32f4xx_hal_tim.o
 .ARM.attributes
                0x0000000000000596       0x39 Drivers/STM32F4xx_HAL_Driver/Src/stm32f4xx_hal_tim_ex.o
 .ARM.attributes
                0x00000000000005cf       0x39 Drivers/STM32F4xx_HAL_Driver/Src/stm32f4xx_hal_uart.o
 .ARM.attributes
                0x0000000000000608       0x34 c:/st/stm32cubeide_1.5.0/stm32cubeide/plugins/com.st.stm32cube.ide.mcu.externaltools.gnu-tools-for-stm32.7-2018-q2-update.win32_1.5.0.202011040924/tools/bin/../lib/gcc/arm-none-eabi/7.3.1/../../../../arm-none-eabi/lib/thumb/v7e-m/fpv4-sp/hard\libc_nano.a(lib_a-errno.o)
 .ARM.attributes
                0x000000000000063c       0x34 c:/st/stm32cubeide_1.5.0/stm32cubeide/plugins/com.st.stm32cube.ide.mcu.externaltools.gnu-tools-for-stm32.7-2018-q2-update.win32_1.5.0.202011040924/tools/bin/../lib/gcc/arm-none-eabi/7.3.1/../../../../arm-none-eabi/lib/thumb/v7e-m/fpv4-sp/hard\libc_nano.a(lib_a-impure.o)
 .ARM.attributes
                0x0000000000000670       0x34 c:/st/stm32cubeide_1.5.0/stm32cubeide/plugins/com.st.stm32cube.ide.mcu.externaltools.gnu-tools-for-stm32.7-2018-q2-update.win32_1.5.0.202011040924/tools/bin/../lib/gcc/arm-none-eabi/7.3.1/../../../../arm-none-eabi/lib/thumb/v7e-m/fpv4-sp/hard\libc_nano.a(lib_a-init.o)
 .ARM.attributes
                0x00000000000006a4       0x34 c:/st/stm32cubeide_1.5.0/stm32cubeide/plugins/com.st.stm32cube.ide.mcu.externaltools.gnu-tools-for-stm32.7-2018-q2-update.win32_1.5.0.202011040924/tools/bin/../lib/gcc/arm-none-eabi/7.3.1/../../../../arm-none-eabi/lib/thumb/v7e-m/fpv4-sp/hard\libc_nano.a(lib_a-memset.o)
 .ARM.attributes
                0x00000000000006d8       0x34 c:/st/stm32cubeide_1.5.0/stm32cubeide/plugins/com.st.stm32cube.ide.mcu.externaltools.gnu-tools-for-stm32.7-2018-q2-update.win32_1.5.0.202011040924/tools/bin/../lib/gcc/arm-none-eabi/7.3.1/../../../../arm-none-eabi/lib/thumb/v7e-m/fpv4-sp/hard\libc_nano.a(lib_a-sprintf.o)
 .ARM.attributes
                0x000000000000070c       0x34 c:/st/stm32cubeide_1.5.0/stm32cubeide/plugins/com.st.stm32cube.ide.mcu.externaltools.gnu-tools-for-stm32.7-2018-q2-update.win32_1.5.0.202011040924/tools/bin/../lib/gcc/arm-none-eabi/7.3.1/../../../../arm-none-eabi/lib/thumb/v7e-m/fpv4-sp/hard\libc_nano.a(lib_a-strcat.o)
 .ARM.attributes
                0x0000000000000740       0x1b c:/st/stm32cubeide_1.5.0/stm32cubeide/plugins/com.st.stm32cube.ide.mcu.externaltools.gnu-tools-for-stm32.7-2018-q2-update.win32_1.5.0.202011040924/tools/bin/../lib/gcc/arm-none-eabi/7.3.1/../../../../arm-none-eabi/lib/thumb/v7e-m/fpv4-sp/hard\libc_nano.a(lib_a-strlen.o)
 .ARM.attributes
                0x000000000000075b       0x34 c:/st/stm32cubeide_1.5.0/stm32cubeide/plugins/com.st.stm32cube.ide.mcu.externaltools.gnu-tools-for-stm32.7-2018-q2-update.win32_1.5.0.202011040924/tools/bin/../lib/gcc/arm-none-eabi/7.3.1/../../../../arm-none-eabi/lib/thumb/v7e-m/fpv4-sp/hard\libc_nano.a(lib_a-nano-svfprintf.o)
 .ARM.attributes
                0x000000000000078f       0x34 c:/st/stm32cubeide_1.5.0/stm32cubeide/plugins/com.st.stm32cube.ide.mcu.externaltools.gnu-tools-for-stm32.7-2018-q2-update.win32_1.5.0.202011040924/tools/bin/../lib/gcc/arm-none-eabi/7.3.1/../../../../arm-none-eabi/lib/thumb/v7e-m/fpv4-sp/hard\libc_nano.a(lib_a-nano-vfprintf_i.o)
 .ARM.attributes
                0x00000000000007c3       0x20 c:/st/stm32cubeide_1.5.0/stm32cubeide/plugins/com.st.stm32cube.ide.mcu.externaltools.gnu-tools-for-stm32.7-2018-q2-update.win32_1.5.0.202011040924/tools/bin/../lib/gcc/arm-none-eabi/7.3.1/../../../../arm-none-eabi/lib/thumb/v7e-m/fpv4-sp/hard\libc_nano.a(lib_a-memchr.o)
 .ARM.attributes
                0x00000000000007e3       0x34 c:/st/stm32cubeide_1.5.0/stm32cubeide/plugins/com.st.stm32cube.ide.mcu.externaltools.gnu-tools-for-stm32.7-2018-q2-update.win32_1.5.0.202011040924/tools/bin/../lib/gcc/arm-none-eabi/7.3.1/../../../../arm-none-eabi/lib/thumb/v7e-m/fpv4-sp/hard\libc_nano.a(lib_a-memcpy-stub.o)
 .ARM.attributes
                0x0000000000000817       0x34 c:/st/stm32cubeide_1.5.0/stm32cubeide/plugins/com.st.stm32cube.ide.mcu.externaltools.gnu-tools-for-stm32.7-2018-q2-update.win32_1.5.0.202011040924/tools/bin/../lib/gcc/arm-none-eabi/7.3.1/../../../../arm-none-eabi/lib/thumb/v7e-m/fpv4-sp/hard\libc_nano.a(lib_a-memmove.o)
 .ARM.attributes
                0x000000000000084b       0x34 c:/st/stm32cubeide_1.5.0/stm32cubeide/plugins/com.st.stm32cube.ide.mcu.externaltools.gnu-tools-for-stm32.7-2018-q2-update.win32_1.5.0.202011040924/tools/bin/../lib/gcc/arm-none-eabi/7.3.1/../../../../arm-none-eabi/lib/thumb/v7e-m/fpv4-sp/hard\libc_nano.a(lib_a-nano-freer.o)
 .ARM.attributes
                0x000000000000087f       0x34 c:/st/stm32cubeide_1.5.0/stm32cubeide/plugins/com.st.stm32cube.ide.mcu.externaltools.gnu-tools-for-stm32.7-2018-q2-update.win32_1.5.0.202011040924/tools/bin/../lib/gcc/arm-none-eabi/7.3.1/../../../../arm-none-eabi/lib/thumb/v7e-m/fpv4-sp/hard\libc_nano.a(lib_a-nano-mallocr.o)
 .ARM.attributes
                0x00000000000008b3       0x34 c:/st/stm32cubeide_1.5.0/stm32cubeide/plugins/com.st.stm32cube.ide.mcu.externaltools.gnu-tools-for-stm32.7-2018-q2-update.win32_1.5.0.202011040924/tools/bin/../lib/gcc/arm-none-eabi/7.3.1/../../../../arm-none-eabi/lib/thumb/v7e-m/fpv4-sp/hard\libc_nano.a(lib_a-nano-reallocr.o)
 .ARM.attributes
                0x00000000000008e7       0x34 c:/st/stm32cubeide_1.5.0/stm32cubeide/plugins/com.st.stm32cube.ide.mcu.externaltools.gnu-tools-for-stm32.7-2018-q2-update.win32_1.5.0.202011040924/tools/bin/../lib/gcc/arm-none-eabi/7.3.1/../../../../arm-none-eabi/lib/thumb/v7e-m/fpv4-sp/hard\libc_nano.a(lib_a-sbrkr.o)
 .ARM.attributes
                0x000000000000091b       0x34 c:/st/stm32cubeide_1.5.0/stm32cubeide/plugins/com.st.stm32cube.ide.mcu.externaltools.gnu-tools-for-stm32.7-2018-q2-update.win32_1.5.0.202011040924/tools/bin/../lib/gcc/arm-none-eabi/7.3.1/../../../../arm-none-eabi/lib/thumb/v7e-m/fpv4-sp/hard\libc_nano.a(lib_a-mlock.o)
 .ARM.attributes
                0x000000000000094f       0x34 c:/st/stm32cubeide_1.5.0/stm32cubeide/plugins/com.st.stm32cube.ide.mcu.externaltools.gnu-tools-for-stm32.7-2018-q2-update.win32_1.5.0.202011040924/tools/bin/../lib/gcc/arm-none-eabi/7.3.1/../../../../arm-none-eabi/lib/thumb/v7e-m/fpv4-sp/hard\libc_nano.a(lib_a-nano-msizer.o)
 .ARM.attributes
                0x0000000000000983       0x34 c:/st/stm32cubeide_1.5.0/stm32cubeide/plugins/com.st.stm32cube.ide.mcu.externaltools.gnu-tools-for-stm32.7-2018-q2-update.win32_1.5.0.202011040924/tools/bin/../lib/gcc/arm-none-eabi/7.3.1/../../../../arm-none-eabi/lib/thumb/v7e-m/fpv4-sp/hard\libc_nano.a(lib_a-reent.o)
 .ARM.attributes
                0x00000000000009b7       0x22 c:/st/stm32cubeide_1.5.0/stm32cubeide/plugins/com.st.stm32cube.ide.mcu.externaltools.gnu-tools-for-stm32.7-2018-q2-update.win32_1.5.0.202011040924/tools/bin/../lib/gcc/arm-none-eabi/7.3.1/thumb/v7e-m/fpv4-sp/hard\libgcc.a(_arm_addsubdf3.o)
 .ARM.attributes
                0x00000000000009d9       0x22 c:/st/stm32cubeide_1.5.0/stm32cubeide/plugins/com.st.stm32cube.ide.mcu.externaltools.gnu-tools-for-stm32.7-2018-q2-update.win32_1.5.0.202011040924/tools/bin/../lib/gcc/arm-none-eabi/7.3.1/thumb/v7e-m/fpv4-sp/hard\libgcc.a(_arm_muldivdf3.o)
 .ARM.attributes
                0x00000000000009fb       0x22 c:/st/stm32cubeide_1.5.0/stm32cubeide/plugins/com.st.stm32cube.ide.mcu.externaltools.gnu-tools-for-stm32.7-2018-q2-update.win32_1.5.0.202011040924/tools/bin/../lib/gcc/arm-none-eabi/7.3.1/thumb/v7e-m/fpv4-sp/hard\libgcc.a(_arm_fixdfsi.o)
 .ARM.attributes
                0x0000000000000a1d       0x22 c:/st/stm32cubeide_1.5.0/stm32cubeide/plugins/com.st.stm32cube.ide.mcu.externaltools.gnu-tools-for-stm32.7-2018-q2-update.win32_1.5.0.202011040924/tools/bin/../lib/gcc/arm-none-eabi/7.3.1/thumb/v7e-m/fpv4-sp/hard\libgcc.a(_aeabi_uldivmod.o)
 .ARM.attributes
                0x0000000000000a3f       0x34 c:/st/stm32cubeide_1.5.0/stm32cubeide/plugins/com.st.stm32cube.ide.mcu.externaltools.gnu-tools-for-stm32.7-2018-q2-update.win32_1.5.0.202011040924/tools/bin/../lib/gcc/arm-none-eabi/7.3.1/thumb/v7e-m/fpv4-sp/hard\libgcc.a(_udivmoddi4.o)
 .ARM.attributes
                0x0000000000000a73       0x22 c:/st/stm32cubeide_1.5.0/stm32cubeide/plugins/com.st.stm32cube.ide.mcu.externaltools.gnu-tools-for-stm32.7-2018-q2-update.win32_1.5.0.202011040924/tools/bin/../lib/gcc/arm-none-eabi/7.3.1/thumb/v7e-m/fpv4-sp/hard\libgcc.a(_dvmd_tls.o)
 .ARM.attributes
                0x0000000000000a95       0x22 c:/st/stm32cubeide_1.5.0/stm32cubeide/plugins/com.st.stm32cube.ide.mcu.externaltools.gnu-tools-for-stm32.7-2018-q2-update.win32_1.5.0.202011040924/tools/bin/../lib/gcc/arm-none-eabi/7.3.1/thumb/v7e-m/fpv4-sp/hard/crtn.o
OUTPUT(Open_Lcd_Clock_03.elf elf32-littlearm)

.debug_info     0x0000000000000000    0x17a80
 .debug_info    0x0000000000000000     0x132b Core/Src/adc.o
 .debug_info    0x000000000000132b      0xb9b Core/Src/flash.o
 .debug_info    0x0000000000001ec6     0x1096 Core/Src/lcd.o
 .debug_info    0x0000000000002f5c     0x20f6 Core/Src/main.o
 .debug_info    0x0000000000005052      0xe2b Core/Src/music.o
 .debug_info    0x0000000000005e7d     0x16ab Core/Src/stm32f4xx_hal_msp.o
 .debug_info    0x0000000000007528      0x940 Core/Src/stm32f4xx_it.o
 .debug_info    0x0000000000007e68      0x985 Core/Src/sysmem.o
 .debug_info    0x00000000000087ed      0x56e Core/Src/system_stm32f4xx.o
 .debug_info    0x0000000000008d5b     0x11c1 Core/Src/tim.o
 .debug_info    0x0000000000009f1c      0xec1 Core/Src/uart.o
 .debug_info    0x000000000000addd       0x22 Core/Startup/startup_stm32f429zitx.o
 .debug_info    0x000000000000adff      0x9b9 Drivers/STM32F4xx_HAL_Driver/Src/stm32f4xx_hal.o
 .debug_info    0x000000000000b7b8      0xcee Drivers/STM32F4xx_HAL_Driver/Src/stm32f4xx_hal_adc.o
 .debug_info    0x000000000000c4a6      0xe5e Drivers/STM32F4xx_HAL_Driver/Src/stm32f4xx_hal_cortex.o
 .debug_info    0x000000000000d304      0xa3a Drivers/STM32F4xx_HAL_Driver/Src/stm32f4xx_hal_dac.o
 .debug_info    0x000000000000dd3e      0x968 Drivers/STM32F4xx_HAL_Driver/Src/stm32f4xx_hal_dma.o
 .debug_info    0x000000000000e6a6      0x622 Drivers/STM32F4xx_HAL_Driver/Src/stm32f4xx_hal_flash.o
 .debug_info    0x000000000000ecc8      0x933 Drivers/STM32F4xx_HAL_Driver/Src/stm32f4xx_hal_flash_ex.o
 .debug_info    0x000000000000f5fb      0x7cf Drivers/STM32F4xx_HAL_Driver/Src/stm32f4xx_hal_gpio.o
 .debug_info    0x000000000000fdca     0x2433 Drivers/STM32F4xx_HAL_Driver/Src/stm32f4xx_hal_i2c.o
 .debug_info    0x00000000000121fd      0x719 Drivers/STM32F4xx_HAL_Driver/Src/stm32f4xx_hal_i2c_ex.o
 .debug_info    0x0000000000012916      0x91e Drivers/STM32F4xx_HAL_Driver/Src/stm32f4xx_hal_rcc.o
 .debug_info    0x0000000000013234     0x24a9 Drivers/STM32F4xx_HAL_Driver/Src/stm32f4xx_hal_tim.o
 .debug_info    0x00000000000156dd     0x1157 Drivers/STM32F4xx_HAL_Driver/Src/stm32f4xx_hal_tim_ex.o
 .debug_info    0x0000000000016834     0x124c Drivers/STM32F4xx_HAL_Driver/Src/stm32f4xx_hal_uart.o

.debug_abbrev   0x0000000000000000     0x3378
 .debug_abbrev  0x0000000000000000      0x28d Core/Src/adc.o
 .debug_abbrev  0x000000000000028d      0x1de Core/Src/flash.o
 .debug_abbrev  0x000000000000046b      0x240 Core/Src/lcd.o
 .debug_abbrev  0x00000000000006ab      0x2da Core/Src/main.o
 .debug_abbrev  0x0000000000000985      0x1d8 Core/Src/music.o
 .debug_abbrev  0x0000000000000b5d      0x1de Core/Src/stm32f4xx_hal_msp.o
 .debug_abbrev  0x0000000000000d3b      0x15a Core/Src/stm32f4xx_it.o
 .debug_abbrev  0x0000000000000e95      0x19b Core/Src/sysmem.o
 .debug_abbrev  0x0000000000001030      0x12b Core/Src/system_stm32f4xx.o
 .debug_abbrev  0x000000000000115b      0x24e Core/Src/tim.o
 .debug_abbrev  0x00000000000013a9      0x1ed Core/Src/uart.o
 .debug_abbrev  0x0000000000001596       0x12 Core/Startup/startup_stm32f429zitx.o
 .debug_abbrev  0x00000000000015a8      0x1c7 Drivers/STM32F4xx_HAL_Driver/Src/stm32f4xx_hal.o
 .debug_abbrev  0x000000000000176f      0x205 Drivers/STM32F4xx_HAL_Driver/Src/stm32f4xx_hal_adc.o
 .debug_abbrev  0x0000000000001974      0x2fa Drivers/STM32F4xx_HAL_Driver/Src/stm32f4xx_hal_cortex.o
 .debug_abbrev  0x0000000000001c6e      0x1e4 Drivers/STM32F4xx_HAL_Driver/Src/stm32f4xx_hal_dac.o
 .debug_abbrev  0x0000000000001e52      0x229 Drivers/STM32F4xx_HAL_Driver/Src/stm32f4xx_hal_dma.o
 .debug_abbrev  0x000000000000207b      0x248 Drivers/STM32F4xx_HAL_Driver/Src/stm32f4xx_hal_flash.o
 .debug_abbrev  0x00000000000022c3      0x256 Drivers/STM32F4xx_HAL_Driver/Src/stm32f4xx_hal_flash_ex.o
 .debug_abbrev  0x0000000000002519      0x1c9 Drivers/STM32F4xx_HAL_Driver/Src/stm32f4xx_hal_gpio.o
 .debug_abbrev  0x00000000000026e2      0x254 Drivers/STM32F4xx_HAL_Driver/Src/stm32f4xx_hal_i2c.o
 .debug_abbrev  0x0000000000002936      0x16d Drivers/STM32F4xx_HAL_Driver/Src/stm32f4xx_hal_i2c_ex.o
 .debug_abbrev  0x0000000000002aa3      0x245 Drivers/STM32F4xx_HAL_Driver/Src/stm32f4xx_hal_rcc.o
 .debug_abbrev  0x0000000000002ce8      0x230 Drivers/STM32F4xx_HAL_Driver/Src/stm32f4xx_hal_tim.o
 .debug_abbrev  0x0000000000002f18      0x21e Drivers/STM32F4xx_HAL_Driver/Src/stm32f4xx_hal_tim_ex.o
 .debug_abbrev  0x0000000000003136      0x242 Drivers/STM32F4xx_HAL_Driver/Src/stm32f4xx_hal_uart.o

.debug_aranges  0x0000000000000000     0x1338
 .debug_aranges
                0x0000000000000000       0x30 Core/Src/adc.o
 .debug_aranges
                0x0000000000000030       0x28 Core/Src/flash.o
 .debug_aranges
                0x0000000000000058       0x68 Core/Src/lcd.o
 .debug_aranges
                0x00000000000000c0       0x70 Core/Src/main.o
 .debug_aranges
                0x0000000000000130       0x20 Core/Src/music.o
 .debug_aranges
                0x0000000000000150       0x70 Core/Src/stm32f4xx_hal_msp.o
 .debug_aranges
                0x00000000000001c0       0x80 Core/Src/stm32f4xx_it.o
 .debug_aranges
                0x0000000000000240       0x20 Core/Src/sysmem.o
 .debug_aranges
                0x0000000000000260       0x28 Core/Src/system_stm32f4xx.o
 .debug_aranges
                0x0000000000000288       0x28 Core/Src/tim.o
 .debug_aranges
                0x00000000000002b0       0x28 Core/Src/uart.o
 .debug_aranges
                0x00000000000002d8       0x28 Core/Startup/startup_stm32f429zitx.o
 .debug_aranges
                0x0000000000000300      0x100 Drivers/STM32F4xx_HAL_Driver/Src/stm32f4xx_hal.o
 .debug_aranges
                0x0000000000000400       0xe8 Drivers/STM32F4xx_HAL_Driver/Src/stm32f4xx_hal_adc.o
 .debug_aranges
                0x00000000000004e8      0x118 Drivers/STM32F4xx_HAL_Driver/Src/stm32f4xx_hal_cortex.o
 .debug_aranges
                0x0000000000000600       0xc0 Drivers/STM32F4xx_HAL_Driver/Src/stm32f4xx_hal_dac.o
 .debug_aranges
                0x00000000000006c0       0x90 Drivers/STM32F4xx_HAL_Driver/Src/stm32f4xx_hal_dma.o
 .debug_aranges
                0x0000000000000750       0xa0 Drivers/STM32F4xx_HAL_Driver/Src/stm32f4xx_hal_flash.o
 .debug_aranges
                0x00000000000007f0       0xd8 Drivers/STM32F4xx_HAL_Driver/Src/stm32f4xx_hal_flash_ex.o
 .debug_aranges
                0x00000000000008c8       0x58 Drivers/STM32F4xx_HAL_Driver/Src/stm32f4xx_hal_gpio.o
 .debug_aranges
                0x0000000000000920      0x2a0 Drivers/STM32F4xx_HAL_Driver/Src/stm32f4xx_hal_i2c.o
 .debug_aranges
                0x0000000000000bc0       0x28 Drivers/STM32F4xx_HAL_Driver/Src/stm32f4xx_hal_i2c_ex.o
 .debug_aranges
                0x0000000000000be8       0x88 Drivers/STM32F4xx_HAL_Driver/Src/stm32f4xx_hal_rcc.o
 .debug_aranges
                0x0000000000000c70      0x3a8 Drivers/STM32F4xx_HAL_Driver/Src/stm32f4xx_hal_tim.o
 .debug_aranges
                0x0000000000001018      0x150 Drivers/STM32F4xx_HAL_Driver/Src/stm32f4xx_hal_tim_ex.o
 .debug_aranges
                0x0000000000001168      0x1d0 Drivers/STM32F4xx_HAL_Driver/Src/stm32f4xx_hal_uart.o

.debug_ranges   0x0000000000000000     0x11c8
 .debug_ranges  0x0000000000000000       0x20 Core/Src/adc.o
 .debug_ranges  0x0000000000000020       0x18 Core/Src/flash.o
 .debug_ranges  0x0000000000000038       0x58 Core/Src/lcd.o
 .debug_ranges  0x0000000000000090       0x60 Core/Src/main.o
 .debug_ranges  0x00000000000000f0       0x10 Core/Src/music.o
 .debug_ranges  0x0000000000000100       0x60 Core/Src/stm32f4xx_hal_msp.o
 .debug_ranges  0x0000000000000160       0x70 Core/Src/stm32f4xx_it.o
 .debug_ranges  0x00000000000001d0       0x10 Core/Src/sysmem.o
 .debug_ranges  0x00000000000001e0       0x18 Core/Src/system_stm32f4xx.o
 .debug_ranges  0x00000000000001f8       0x18 Core/Src/tim.o
 .debug_ranges  0x0000000000000210       0x18 Core/Src/uart.o
 .debug_ranges  0x0000000000000228       0x20 Core/Startup/startup_stm32f429zitx.o
 .debug_ranges  0x0000000000000248       0xf0 Drivers/STM32F4xx_HAL_Driver/Src/stm32f4xx_hal.o
 .debug_ranges  0x0000000000000338       0xd8 Drivers/STM32F4xx_HAL_Driver/Src/stm32f4xx_hal_adc.o
 .debug_ranges  0x0000000000000410      0x108 Drivers/STM32F4xx_HAL_Driver/Src/stm32f4xx_hal_cortex.o
 .debug_ranges  0x0000000000000518       0xb0 Drivers/STM32F4xx_HAL_Driver/Src/stm32f4xx_hal_dac.o
 .debug_ranges  0x00000000000005c8       0x80 Drivers/STM32F4xx_HAL_Driver/Src/stm32f4xx_hal_dma.o
 .debug_ranges  0x0000000000000648       0x90 Drivers/STM32F4xx_HAL_Driver/Src/stm32f4xx_hal_flash.o
 .debug_ranges  0x00000000000006d8       0xc8 Drivers/STM32F4xx_HAL_Driver/Src/stm32f4xx_hal_flash_ex.o
 .debug_ranges  0x00000000000007a0       0x48 Drivers/STM32F4xx_HAL_Driver/Src/stm32f4xx_hal_gpio.o
 .debug_ranges  0x00000000000007e8      0x2b8 Drivers/STM32F4xx_HAL_Driver/Src/stm32f4xx_hal_i2c.o
 .debug_ranges  0x0000000000000aa0       0x18 Drivers/STM32F4xx_HAL_Driver/Src/stm32f4xx_hal_i2c_ex.o
 .debug_ranges  0x0000000000000ab8       0x78 Drivers/STM32F4xx_HAL_Driver/Src/stm32f4xx_hal_rcc.o
 .debug_ranges  0x0000000000000b30      0x398 Drivers/STM32F4xx_HAL_Driver/Src/stm32f4xx_hal_tim.o
 .debug_ranges  0x0000000000000ec8      0x140 Drivers/STM32F4xx_HAL_Driver/Src/stm32f4xx_hal_tim_ex.o
 .debug_ranges  0x0000000000001008      0x1c0 Drivers/STM32F4xx_HAL_Driver/Src/stm32f4xx_hal_uart.o

.debug_macro    0x0000000000000000    0x2680a
 .debug_macro   0x0000000000000000      0x3a3 Core/Src/adc.o
 .debug_macro   0x00000000000003a3      0xa5a Core/Src/adc.o
 .debug_macro   0x0000000000000dfd      0x2a6 Core/Src/adc.o
 .debug_macro   0x00000000000010a3       0x2e Core/Src/adc.o
 .debug_macro   0x00000000000010d1       0x28 Core/Src/adc.o
 .debug_macro   0x00000000000010f9       0x22 Core/Src/adc.o
 .debug_macro   0x000000000000111b       0x8e Core/Src/adc.o
 .debug_macro   0x00000000000011a9       0x51 Core/Src/adc.o
 .debug_macro   0x00000000000011fa       0xef Core/Src/adc.o
 .debug_macro   0x00000000000012e9       0x6a Core/Src/adc.o
 .debug_macro   0x0000000000001353      0x1df Core/Src/adc.o
 .debug_macro   0x0000000000001532       0x1c Core/Src/adc.o
 .debug_macro   0x000000000000154e       0x22 Core/Src/adc.o
 .debug_macro   0x0000000000001570       0xdf Core/Src/adc.o
 .debug_macro   0x000000000000164f     0x102d Core/Src/adc.o
 .debug_macro   0x000000000000267c      0x11f Core/Src/adc.o
 .debug_macro   0x000000000000279b    0x17f69 Core/Src/adc.o
 .debug_macro   0x000000000001a704       0x43 Core/Src/adc.o
 .debug_macro   0x000000000001a747     0x36c9 Core/Src/adc.o
 .debug_macro   0x000000000001de10      0x174 Core/Src/adc.o
 .debug_macro   0x000000000001df84       0x5a Core/Src/adc.o
 .debug_macro   0x000000000001dfde      0xca5 Core/Src/adc.o
 .debug_macro   0x000000000001ec83      0x9fe Core/Src/adc.o
 .debug_macro   0x000000000001f681      0x117 Core/Src/adc.o
 .debug_macro   0x000000000001f798      0x157 Core/Src/adc.o
 .debug_macro   0x000000000001f8ef       0x27 Core/Src/adc.o
 .debug_macro   0x000000000001f916      0x182 Core/Src/adc.o
 .debug_macro   0x000000000001fa98      0x287 Core/Src/adc.o
 .debug_macro   0x000000000001fd1f       0x5f Core/Src/adc.o
 .debug_macro   0x000000000001fd7e      0x236 Core/Src/adc.o
 .debug_macro   0x000000000001ffb4      0x391 Core/Src/adc.o
 .debug_macro   0x0000000000020345      0x184 Core/Src/adc.o
 .debug_macro   0x00000000000204c9       0xf9 Core/Src/adc.o
 .debug_macro   0x00000000000205c2       0xea Core/Src/adc.o
 .debug_macro   0x00000000000206ac       0xa0 Core/Src/adc.o
 .debug_macro   0x000000000002074c       0x3c Core/Src/adc.o
 .debug_macro   0x0000000000020788      0x132 Core/Src/adc.o
 .debug_macro   0x00000000000208ba      0x41d Core/Src/adc.o
 .debug_macro   0x0000000000020cd7       0x2e Core/Src/adc.o
 .debug_macro   0x0000000000020d05      0x1b5 Core/Src/adc.o
 .debug_macro   0x0000000000020eba       0x22 Core/Src/adc.o
 .debug_macro   0x0000000000020edc       0xd6 Core/Src/adc.o
 .debug_macro   0x0000000000020fb2      0x11a Core/Src/adc.o
 .debug_macro   0x00000000000210cc       0xe2 Core/Src/adc.o
 .debug_macro   0x00000000000211ae       0x89 Core/Src/adc.o
 .debug_macro   0x0000000000021237      0x8a0 Core/Src/adc.o
 .debug_macro   0x0000000000021ad7       0x47 Core/Src/adc.o
 .debug_macro   0x0000000000021b1e      0x287 Core/Src/adc.o
 .debug_macro   0x0000000000021da5      0x134 Core/Src/adc.o
 .debug_macro   0x0000000000021ed9       0x46 Core/Src/adc.o
 .debug_macro   0x0000000000021f1f       0x18 Core/Src/adc.o
 .debug_macro   0x0000000000021f37       0x3c Core/Src/adc.o
 .debug_macro   0x0000000000021f73       0x34 Core/Src/adc.o
 .debug_macro   0x0000000000021fa7       0x16 Core/Src/adc.o
 .debug_macro   0x0000000000021fbd       0x35 Core/Src/adc.o
 .debug_macro   0x0000000000021ff2      0x32a Core/Src/adc.o
 .debug_macro   0x000000000002231c       0x10 Core/Src/adc.o
 .debug_macro   0x000000000002232c       0x52 Core/Src/adc.o
 .debug_macro   0x000000000002237e       0x1f Core/Src/adc.o
 .debug_macro   0x000000000002239d       0x43 Core/Src/adc.o
 .debug_macro   0x00000000000223e0       0x20 Core/Src/adc.o
 .debug_macro   0x0000000000022400      0x1a3 Core/Src/adc.o
 .debug_macro   0x00000000000225a3       0x10 Core/Src/adc.o
 .debug_macro   0x00000000000225b3       0x1c Core/Src/adc.o
 .debug_macro   0x00000000000225cf       0x52 Core/Src/adc.o
 .debug_macro   0x0000000000022621       0x40 Core/Src/adc.o
 .debug_macro   0x0000000000022661       0x10 Core/Src/adc.o
 .debug_macro   0x0000000000022671       0x40 Core/Src/adc.o
 .debug_macro   0x00000000000226b1       0xd7 Core/Src/adc.o
 .debug_macro   0x0000000000022788       0x1c Core/Src/adc.o
 .debug_macro   0x00000000000227a4       0x3d Core/Src/adc.o
 .debug_macro   0x00000000000227e1       0x16 Core/Src/adc.o
 .debug_macro   0x00000000000227f7      0x145 Core/Src/adc.o
 .debug_macro   0x000000000002293c       0x28 Core/Src/adc.o
 .debug_macro   0x0000000000022964       0xa6 Core/Src/adc.o
 .debug_macro   0x0000000000022a0a      0x390 Core/Src/flash.o
 .debug_macro   0x0000000000022d9a      0x2f7 Core/Src/lcd.o
 .debug_macro   0x0000000000023091       0x10 Core/Src/lcd.o
 .debug_macro   0x00000000000230a1       0x20 Core/Src/lcd.o
 .debug_macro   0x00000000000230c1       0x3a Core/Src/lcd.o
 .debug_macro   0x00000000000230fb      0x2f7 Core/Src/main.o
 .debug_macro   0x00000000000233f2      0x2ed Core/Src/music.o
 .debug_macro   0x00000000000236df      0x250 Core/Src/music.o
 .debug_macro   0x000000000002392f      0x223 Core/Src/stm32f4xx_hal_msp.o
 .debug_macro   0x0000000000023b52      0x22d Core/Src/stm32f4xx_it.o
 .debug_macro   0x0000000000023d7f       0xee Core/Src/sysmem.o
 .debug_macro   0x0000000000023e6d      0x23b Core/Src/sysmem.o
 .debug_macro   0x00000000000240a8      0x21f Core/Src/system_stm32f4xx.o
 .debug_macro   0x00000000000242c7      0x301 Core/Src/tim.o
 .debug_macro   0x00000000000245c8      0x3b7 Core/Src/uart.o
 .debug_macro   0x000000000002497f       0x16 Core/Src/uart.o
 .debug_macro   0x0000000000024995      0x279 Drivers/STM32F4xx_HAL_Driver/Src/stm32f4xx_hal.o
 .debug_macro   0x0000000000024c0e      0x21a Drivers/STM32F4xx_HAL_Driver/Src/stm32f4xx_hal_adc.o
 .debug_macro   0x0000000000024e28      0x219 Drivers/STM32F4xx_HAL_Driver/Src/stm32f4xx_hal_cortex.o
 .debug_macro   0x0000000000025041      0x21a Drivers/STM32F4xx_HAL_Driver/Src/stm32f4xx_hal_dac.o
 .debug_macro   0x000000000002525b      0x21f Drivers/STM32F4xx_HAL_Driver/Src/stm32f4xx_hal_dma.o
 .debug_macro   0x000000000002547a      0x21f Drivers/STM32F4xx_HAL_Driver/Src/stm32f4xx_hal_flash.o
 .debug_macro   0x0000000000025699      0x21f Drivers/STM32F4xx_HAL_Driver/Src/stm32f4xx_hal_flash_ex.o
 .debug_macro   0x00000000000258b8      0x24f Drivers/STM32F4xx_HAL_Driver/Src/stm32f4xx_hal_gpio.o
 .debug_macro   0x0000000000025b07      0x260 Drivers/STM32F4xx_HAL_Driver/Src/stm32f4xx_hal_i2c.o
 .debug_macro   0x0000000000025d67      0x219 Drivers/STM32F4xx_HAL_Driver/Src/stm32f4xx_hal_i2c_ex.o
 .debug_macro   0x0000000000025f80      0x23d Drivers/STM32F4xx_HAL_Driver/Src/stm32f4xx_hal_rcc.o
 .debug_macro   0x00000000000261bd      0x21a Drivers/STM32F4xx_HAL_Driver/Src/stm32f4xx_hal_tim.o
 .debug_macro   0x00000000000263d7      0x219 Drivers/STM32F4xx_HAL_Driver/Src/stm32f4xx_hal_tim_ex.o
 .debug_macro   0x00000000000265f0      0x21a Drivers/STM32F4xx_HAL_Driver/Src/stm32f4xx_hal_uart.o

.debug_line     0x0000000000000000    0x11625
 .debug_line    0x0000000000000000      0xb76 Core/Src/adc.o
 .debug_line    0x0000000000000b76      0x965 Core/Src/flash.o
 .debug_line    0x00000000000014db      0x94e Core/Src/lcd.o
 .debug_line    0x0000000000001e29      0x9ee Core/Src/main.o
 .debug_line    0x0000000000002817      0x8de Core/Src/music.o
 .debug_line    0x00000000000030f5      0x852 Core/Src/stm32f4xx_hal_msp.o
 .debug_line    0x0000000000003947      0x844 Core/Src/stm32f4xx_it.o
 .debug_line    0x000000000000418b      0x4c7 Core/Src/sysmem.o
 .debug_line    0x0000000000004652      0x76f Core/Src/system_stm32f4xx.o
 .debug_line    0x0000000000004dc1      0x908 Core/Src/tim.o
 .debug_line    0x00000000000056c9      0x97b Core/Src/uart.o
 .debug_line    0x0000000000006044       0x85 Core/Startup/startup_stm32f429zitx.o
 .debug_line    0x00000000000060c9      0x97d Drivers/STM32F4xx_HAL_Driver/Src/stm32f4xx_hal.o
 .debug_line    0x0000000000006a46      0xbc0 Drivers/STM32F4xx_HAL_Driver/Src/stm32f4xx_hal_adc.o
 .debug_line    0x0000000000007606      0xa7d Drivers/STM32F4xx_HAL_Driver/Src/stm32f4xx_hal_cortex.o
 .debug_line    0x0000000000008083      0x9ad Drivers/STM32F4xx_HAL_Driver/Src/stm32f4xx_hal_dac.o
 .debug_line    0x0000000000008a30      0xa27 Drivers/STM32F4xx_HAL_Driver/Src/stm32f4xx_hal_dma.o
 .debug_line    0x0000000000009457      0x940 Drivers/STM32F4xx_HAL_Driver/Src/stm32f4xx_hal_flash.o
 .debug_line    0x0000000000009d97      0xa45 Drivers/STM32F4xx_HAL_Driver/Src/stm32f4xx_hal_flash_ex.o
 .debug_line    0x000000000000a7dc      0x960 Drivers/STM32F4xx_HAL_Driver/Src/stm32f4xx_hal_gpio.o
 .debug_line    0x000000000000b13c     0x1c07 Drivers/STM32F4xx_HAL_Driver/Src/stm32f4xx_hal_i2c.o
 .debug_line    0x000000000000cd43      0x789 Drivers/STM32F4xx_HAL_Driver/Src/stm32f4xx_hal_i2c_ex.o
 .debug_line    0x000000000000d4cc      0x9b1 Drivers/STM32F4xx_HAL_Driver/Src/stm32f4xx_hal_rcc.o
 .debug_line    0x000000000000de7d     0x19d2 Drivers/STM32F4xx_HAL_Driver/Src/stm32f4xx_hal_tim.o
 .debug_line    0x000000000000f84f      0xd6f Drivers/STM32F4xx_HAL_Driver/Src/stm32f4xx_hal_tim_ex.o
 .debug_line    0x00000000000105be     0x1067 Drivers/STM32F4xx_HAL_Driver/Src/stm32f4xx_hal_uart.o

.debug_str      0x0000000000000000    0xe2ce6
 .debug_str     0x0000000000000000    0xdd0dd Core/Src/adc.o
                                      0xdd4ac (size before relaxing)
 .debug_str     0x00000000000dd0dd       0xf5 Core/Src/flash.o
                                      0xdcefc (size before relaxing)
 .debug_str     0x00000000000dd1d2      0x418 Core/Src/lcd.o
                                      0xdbe1a (size before relaxing)
 .debug_str     0x00000000000dd5ea      0xd87 Core/Src/main.o
                                      0xdcd81 (size before relaxing)
 .debug_str     0x00000000000de371      0x4cf Core/Src/music.o
                                      0xdbfcb (size before relaxing)
 .debug_str     0x00000000000de840       0xfc Core/Src/stm32f4xx_hal_msp.o
                                      0xd9ace (size before relaxing)
 .debug_str     0x00000000000de93c      0x106 Core/Src/stm32f4xx_it.o
                                      0xd8f14 (size before relaxing)
 .debug_str     0x00000000000dea42      0x4e9 Core/Src/sysmem.o
                                       0x5f6b (size before relaxing)
 .debug_str     0x00000000000def2b       0xc4 Core/Src/system_stm32f4xx.o
                                      0xd89e0 (size before relaxing)
 .debug_str     0x00000000000defef       0x6d Core/Src/tim.o
                                      0xdbdd7 (size before relaxing)
 .debug_str     0x00000000000df05c       0x57 Core/Src/uart.o
                                      0xdcde7 (size before relaxing)
 .debug_str     0x00000000000df0b3       0x36 Core/Startup/startup_stm32f429zitx.o
                                         0x78 (size before relaxing)
 .debug_str     0x00000000000df0e9      0x5b6 Drivers/STM32F4xx_HAL_Driver/Src/stm32f4xx_hal.o
                                      0xd954c (size before relaxing)
 .debug_str     0x00000000000df69f      0x29d Drivers/STM32F4xx_HAL_Driver/Src/stm32f4xx_hal_adc.o
                                      0xd8f64 (size before relaxing)
 .debug_str     0x00000000000df93c      0x392 Drivers/STM32F4xx_HAL_Driver/Src/stm32f4xx_hal_cortex.o
                                      0xd92ed (size before relaxing)
 .debug_str     0x00000000000dfcce      0x1bd Drivers/STM32F4xx_HAL_Driver/Src/stm32f4xx_hal_dac.o
                                      0xd8df1 (size before relaxing)
 .debug_str     0x00000000000dfe8b      0x31d Drivers/STM32F4xx_HAL_Driver/Src/stm32f4xx_hal_dma.o
                                      0xd8de2 (size before relaxing)
 .debug_str     0x00000000000e01a8      0x299 Drivers/STM32F4xx_HAL_Driver/Src/stm32f4xx_hal_flash.o
                                      0xd8ba3 (size before relaxing)
 .debug_str     0x00000000000e0441      0x346 Drivers/STM32F4xx_HAL_Driver/Src/stm32f4xx_hal_flash_ex.o